******************************************************************************
                  TI ARM Linker PC v18.1.3                     
******************************************************************************
>> Linked Thu Oct 11 09:35:13 2018

OUTPUT FILE NAME:   <ecen2440_project1_0.out>
ENTRY POINT SYMBOL: "_c_int00_noargs"  address: 00000745


MEMORY CONFIGURATION

         name            origin    length      used     unused   attr    fill
----------------------  --------  ---------  --------  --------  ----  --------
  MAIN                  00000000   00040000  000007e2  0003f81e  R  X
  INFO                  00200000   00004000  00000000  00004000  R  X
  SRAM_CODE             01000000   00010000  00000224  0000fddc  RW X
  SRAM_DATA             20000000   00010000  00000224  0000fddc  RW  


SEGMENT ALLOCATION MAP

run origin  load origin   length   init length attrs members
----------  ----------- ---------- ----------- ----- -------
00000000    00000000    000007e8   000007e8    r-x
  00000000    00000000    000000e4   000000e4    r-- .intvecs
  000000e4    000000e4    000006ce   000006ce    r-x .text
  000007b8    000007b8    00000030   00000030    r-- .cinit
20000000    20000000    00000024   00000000    rw-
  20000000    20000000    00000020   00000000    rw- .bss
  20000020    20000020    00000004   00000000    rw- .data
2000fe00    2000fe00    00000200   00000000    rw-
  2000fe00    2000fe00    00000200   00000000    rw- .stack


SECTION ALLOCATION MAP

 output                                  attributes/
section   page    origin      length       input sections
--------  ----  ----------  ----------   ----------------
.intvecs   0    00000000    000000e4     
                  00000000    000000e4     startup_msp432p401r_ccs.obj (.intvecs:retain)

.text      0    000000e4    000006ce     
                  000000e4    00000334     system_msp432p401r.obj (.text)
                  00000418    000001e4     main.obj (.text)
                  000005fc    0000009c     rtsv7M4_T_le_v4SPD16_eabi.lib : memcpy_t2.asm.obj (.text)
                  00000698    00000068                                   : copy_decompress_lzss.c.obj (.text:decompress:lzss:__TI_decompress_lzss)
                  00000700    00000044                                   : autoinit.c.obj (.text:__TI_auto_init_nobinit_nopinit:__TI_auto_init_nobinit_nopinit)
                  00000744    00000038                                   : boot_cortex_m.c.obj (.text:_c_int00_noargs:_c_int00_noargs)
                  0000077c    00000012                                   : copy_zero_init.c.obj (.text:decompress:ZI:__TI_zero_init_nomemset:__TI_zero_init_nomemset)
                  0000078e    0000000e                                   : copy_decompress_none.c.obj (.text:decompress:none:__TI_decompress_none)
                  0000079c    0000000e     startup_msp432p401r_ccs.obj (.text)
                  000007aa    00000004     rtsv7M4_T_le_v4SPD16_eabi.lib : pre_init.c.obj (.text:_system_pre_init)
                  000007ae    00000004                                   : exit.c.obj (.text:abort:abort)

.cinit     0    000007b8    00000030     
                  000007b8    0000000c     (__TI_handler_table)
                  000007c4    00000004     --HOLE-- [fill = 0]
                  000007c8    00000008     (.cinit..bss.load) [load image, compression = zero_init]
                  000007d0    00000008     (.cinit..data.load) [load image, compression = lzss]
                  000007d8    00000010     (__TI_cinit_table)

.init_array 
*          0    00000000    00000000     UNINITIALIZED

.binit     0    00000000    00000000     

.bss       0    20000000    00000020     UNINITIALIZED
                  20000000    00000020     (.common:irct)

.data      0    20000020    00000004     UNINITIALIZED
                  20000020    00000004     system_msp432p401r.obj (.data)

.stack     0    2000fe00    00000200     UNINITIALIZED
                  2000fe00    00000004     rtsv7M4_T_le_v4SPD16_eabi.lib : boot_cortex_m.c.obj (.stack)
                  2000fe04    000001fc     --HOLE--

MODULE SUMMARY

       Module                        code   ro data   rw data
       ------                        ----   -------   -------
    .\
       system_msp432p401r.obj        820    0         8      
       main.obj                      484    0         64     
       startup_msp432p401r_ccs.obj   14     228       0      
    +--+-----------------------------+------+---------+---------+
       Total:                        1318   228       72     
                                                             
    D:\Programs\ti\ccsv8\tools\compiler\ti-cgt-arm_18.1.3.LTS\lib\rtsv7M4_T_le_v4SPD16_eabi.lib
       memcpy_t2.asm.obj             156    0         0      
       copy_decompress_lzss.c.obj    104    0         0      
       autoinit.c.obj                68     0         0      
       boot_cortex_m.c.obj           56     0         0      
       copy_zero_init.c.obj          18     0         0      
       copy_decompress_none.c.obj    14     0         0      
       exit.c.obj                    4      0         0      
       pre_init.c.obj                4      0         0      
    +--+-----------------------------+------+---------+---------+
       Total:                        424    0         0      
                                                             
       Stack:                        0      0         1024   
       Linker Generated:             0      44        0      
    +--+-----------------------------+------+---------+---------+
       Grand Total:                  1742   272       1096   


LINKER GENERATED COPY TABLES

__TI_cinit_table @ 000007d8 records: 2, size/record: 8, table size: 16
	.bss: load addr=000007c8, load size=00000008 bytes, run addr=20000000, run size=00000020 bytes, compression=zero_init
	.data: load addr=000007d0, load size=00000008 bytes, run addr=20000020, run size=00000004 bytes, compression=lzss


LINKER GENERATED HANDLER TABLE

__TI_handler_table @ 000007b8 records: 3, size/record: 4, table size: 12
	index: 0, handler: __TI_decompress_lzss
	index: 1, handler: __TI_decompress_none
	index: 2, handler: __TI_zero_init


GLOBAL SYMBOLS: SORTED ALPHABETICALLY BY Name 

address   name                          
-------   ----                          
000007a9  ADC14_IRQHandler              
000007a9  AES256_IRQHandler             
000007a9  BusFault_Handler              
000007af  C$$EXIT                       
000007a9  COMP_E0_IRQHandler            
000007a9  COMP_E1_IRQHandler            
000007a9  CS_IRQHandler                 
000007a9  DMA_ERR_IRQHandler            
000007a9  DMA_INT0_IRQHandler           
000007a9  DMA_INT1_IRQHandler           
000007a9  DMA_INT2_IRQHandler           
000007a9  DMA_INT3_IRQHandler           
000007a9  DebugMon_Handler              
000007a9  Default_Handler               
000007a9  EUSCIA0_IRQHandler            
000007a9  EUSCIA1_IRQHandler            
000007a9  EUSCIA2_IRQHandler            
000007a9  EUSCIA3_IRQHandler            
000007a9  EUSCIB0_IRQHandler            
000007a9  EUSCIB1_IRQHandler            
000007a9  EUSCIB2_IRQHandler            
000007a9  EUSCIB3_IRQHandler            
000007a9  FLCTL_IRQHandler              
000007a9  FPU_IRQHandler                
000007a9  HardFault_Handler             
000007a9  MemManage_Handler             
000007a9  NMI_Handler                   
000007a9  PCM_IRQHandler                
000007a9  PORT1_IRQHandler              
000007a9  PORT2_IRQHandler              
000007a9  PORT3_IRQHandler              
000007a9  PORT4_IRQHandler              
000007a9  PORT5_IRQHandler              
000007a9  PORT6_IRQHandler              
000007a9  PSS_IRQHandler                
000007a9  PendSV_Handler                
000007a9  RTC_C_IRQHandler              
0000079d  Reset_Handler                 
000007a9  SVC_Handler                   
000007a9  SysTick_Handler               
20000020  SystemCoreClock               
000000e5  SystemCoreClockUpdate         
0000035d  SystemInit                    
000007a9  T32_INT1_IRQHandler           
000007a9  T32_INT2_IRQHandler           
000007a9  T32_INTC_IRQHandler           
000007a9  TA0_0_IRQHandler              
000007a9  TA0_N_IRQHandler              
000007a9  TA1_0_IRQHandler              
000007a9  TA1_N_IRQHandler              
000007a9  TA2_0_IRQHandler              
000007a9  TA2_N_IRQHandler              
000007a9  TA3_0_IRQHandler              
000007a9  TA3_N_IRQHandler              
000007a9  UsageFault_Handler            
4000480c  WDTCTL_SYM                    
000007a9  WDT_A_IRQHandler              
20010000  __STACK_END                   
00000200  __STACK_SIZE                  
000007d8  __TI_CINIT_Base               
000007e8  __TI_CINIT_Limit              
000007b8  __TI_Handler_Table_Base       
000007c4  __TI_Handler_Table_Limit      
00000701  __TI_auto_init_nobinit_nopinit
00000699  __TI_decompress_lzss          
0000078f  __TI_decompress_none          
ffffffff  __TI_pprof_out_hndl           
ffffffff  __TI_prof_data_size           
ffffffff  __TI_prof_data_start          
00000000  __TI_static_base__            
0000077d  __TI_zero_init_nomemset       
000005fd  __aeabi_memcpy                
000005fd  __aeabi_memcpy4               
000005fd  __aeabi_memcpy8               
ffffffff  __binit__                     
ffffffff  __c_args__                    
UNDEFED   __mpu_init                    
2000fe00  __stack                       
00000745  _c_int00_noargs               
UNDEFED   _system_post_cinit            
000007ab  _system_pre_init              
000007af  abort                         
ffffffff  binit                         
00000000  interruptVectors              
20000000  irct                          
00000419  main                          
000005fd  memcpy                        


GLOBAL SYMBOLS: SORTED BY Symbol Address 

address   name                          
-------   ----                          
00000000  __TI_static_base__            
00000000  interruptVectors              
000000e5  SystemCoreClockUpdate         
00000200  __STACK_SIZE                  
0000035d  SystemInit                    
00000419  main                          
000005fd  __aeabi_memcpy                
000005fd  __aeabi_memcpy4               
000005fd  __aeabi_memcpy8               
000005fd  memcpy                        
00000699  __TI_decompress_lzss          
00000701  __TI_auto_init_nobinit_nopinit
00000745  _c_int00_noargs               
0000077d  __TI_zero_init_nomemset       
0000078f  __TI_decompress_none          
0000079d  Reset_Handler                 
000007a9  ADC14_IRQHandler              
000007a9  AES256_IRQHandler             
000007a9  BusFault_Handler              
000007a9  COMP_E0_IRQHandler            
000007a9  COMP_E1_IRQHandler            
000007a9  CS_IRQHandler                 
000007a9  DMA_ERR_IRQHandler            
000007a9  DMA_INT0_IRQHandler           
000007a9  DMA_INT1_IRQHandler           
000007a9  DMA_INT2_IRQHandler           
000007a9  DMA_INT3_IRQHandler           
000007a9  DebugMon_Handler              
000007a9  Default_Handler               
000007a9  EUSCIA0_IRQHandler            
000007a9  EUSCIA1_IRQHandler            
000007a9  EUSCIA2_IRQHandler            
000007a9  EUSCIA3_IRQHandler            
000007a9  EUSCIB0_IRQHandler            
000007a9  EUSCIB1_IRQHandler            
000007a9  EUSCIB2_IRQHandler            
000007a9  EUSCIB3_IRQHandler            
000007a9  FLCTL_IRQHandler              
000007a9  FPU_IRQHandler                
000007a9  HardFault_Handler             
000007a9  MemManage_Handler             
000007a9  NMI_Handler                   
000007a9  PCM_IRQHandler                
000007a9  PORT1_IRQHandler              
000007a9  PORT2_IRQHandler              
000007a9  PORT3_IRQHandler              
000007a9  PORT4_IRQHandler              
000007a9  PORT5_IRQHandler              
000007a9  PORT6_IRQHandler              
000007a9  PSS_IRQHandler                
000007a9  PendSV_Handler                
000007a9  RTC_C_IRQHandler              
000007a9  SVC_Handler                   
000007a9  SysTick_Handler               
000007a9  T32_INT1_IRQHandler           
000007a9  T32_INT2_IRQHandler           
000007a9  T32_INTC_IRQHandler           
000007a9  TA0_0_IRQHandler              
000007a9  TA0_N_IRQHandler              
000007a9  TA1_0_IRQHandler              
000007a9  TA1_N_IRQHandler              
000007a9  TA2_0_IRQHandler              
000007a9  TA2_N_IRQHandler              
000007a9  TA3_0_IRQHandler              
000007a9  TA3_N_IRQHandler              
000007a9  UsageFault_Handler            
000007a9  WDT_A_IRQHandler              
000007ab  _system_pre_init              
000007af  C$$EXIT                       
000007af  abort                         
000007b8  __TI_Handler_Table_Base       
000007c4  __TI_Handler_Table_Limit      
000007d8  __TI_CINIT_Base               
000007e8  __TI_CINIT_Limit              
20000000  irct                          
20000020  SystemCoreClock               
2000fe00  __stack                       
20010000  __STACK_END                   
4000480c  WDTCTL_SYM                    
ffffffff  __TI_pprof_out_hndl           
ffffffff  __TI_prof_data_size           
ffffffff  __TI_prof_data_start          
ffffffff  __binit__                     
ffffffff  __c_args__                    
ffffffff  binit                         
UNDEFED   __mpu_init                    
UNDEFED   _system_post_cinit            

[87 symbols]
