<?xml version="1.0" encoding="ISO-8859-1" ?>
<link_info>
   <banner>TI ARM Linker PC v18.1.3.LTS</banner>
   <copyright>Copyright (c) 1996-2017 Texas Instruments Incorporated</copyright>
   <link_time>0x5bc5f930</link_time>
   <link_errors>0x0</link_errors>
   <output_file>ecen2440_project1_0.out</output_file>
   <entry_point>
      <name>_c_int00_noargs</name>
      <address>0x2bb9</address>
   </entry_point>
   <input_file_list>
      <input_file id="fl-2">
         <path>.\</path>
         <kind>object</kind>
         <file>main.obj</file>
         <name>main.obj</name>
      </input_file>
      <input_file id="fl-3">
         <path>.\</path>
         <kind>object</kind>
         <file>startup_msp432p401r_ccs.obj</file>
         <name>startup_msp432p401r_ccs.obj</name>
      </input_file>
      <input_file id="fl-4">
         <path>.\</path>
         <kind>object</kind>
         <file>system_msp432p401r.obj</file>
         <name>system_msp432p401r.obj</name>
      </input_file>
      <input_file id="fl-8">
         <kind>object</kind>
         <file>&lt;internal&gt;</file>
         <name>&lt;internal&gt;</name>
      </input_file>
      <input_file id="fl-be">
         <path>D:\Programs\ti\ccsv8\tools\compiler\ti-cgt-arm_18.1.3.LTS\lib\</path>
         <kind>archive</kind>
         <file>rtsv7M4_T_le_v4SPD16_eabi.lib</file>
         <name>copy_zero_init.c.obj</name>
      </input_file>
      <input_file id="fl-bf">
         <path>D:\Programs\ti\ccsv8\tools\compiler\ti-cgt-arm_18.1.3.LTS\lib\</path>
         <kind>archive</kind>
         <file>rtsv7M4_T_le_v4SPD16_eabi.lib</file>
         <name>copy_decompress_none.c.obj</name>
      </input_file>
      <input_file id="fl-c0">
         <path>D:\Programs\ti\ccsv8\tools\compiler\ti-cgt-arm_18.1.3.LTS\lib\</path>
         <kind>archive</kind>
         <file>rtsv7M4_T_le_v4SPD16_eabi.lib</file>
         <name>copy_decompress_lzss.c.obj</name>
      </input_file>
      <input_file id="fl-c1">
         <path>D:\Programs\ti\ccsv8\tools\compiler\ti-cgt-arm_18.1.3.LTS\lib\</path>
         <kind>archive</kind>
         <file>rtsv7M4_T_le_v4SPD16_eabi.lib</file>
         <name>printf.c.obj</name>
      </input_file>
      <input_file id="fl-c2">
         <path>D:\Programs\ti\ccsv8\tools\compiler\ti-cgt-arm_18.1.3.LTS\lib\</path>
         <kind>archive</kind>
         <file>rtsv7M4_T_le_v4SPD16_eabi.lib</file>
         <name>boot_cortex_m.c.obj</name>
      </input_file>
      <input_file id="fl-c3">
         <path>D:\Programs\ti\ccsv8\tools\compiler\ti-cgt-arm_18.1.3.LTS\lib\</path>
         <kind>archive</kind>
         <file>rtsv7M4_T_le_v4SPD16_eabi.lib</file>
         <name>memset_t2.asm.obj</name>
      </input_file>
      <input_file id="fl-c4">
         <path>D:\Programs\ti\ccsv8\tools\compiler\ti-cgt-arm_18.1.3.LTS\lib\</path>
         <kind>archive</kind>
         <file>rtsv7M4_T_le_v4SPD16_eabi.lib</file>
         <name>memcpy_t2.asm.obj</name>
      </input_file>
      <input_file id="fl-c5">
         <path>D:\Programs\ti\ccsv8\tools\compiler\ti-cgt-arm_18.1.3.LTS\lib\</path>
         <kind>archive</kind>
         <file>rtsv7M4_T_le_v4SPD16_eabi.lib</file>
         <name>autoinit.c.obj</name>
      </input_file>
      <input_file id="fl-c6">
         <path>D:\Programs\ti\ccsv8\tools\compiler\ti-cgt-arm_18.1.3.LTS\lib\</path>
         <kind>archive</kind>
         <file>rtsv7M4_T_le_v4SPD16_eabi.lib</file>
         <name>pre_init.c.obj</name>
      </input_file>
      <input_file id="fl-c7">
         <path>D:\Programs\ti\ccsv8\tools\compiler\ti-cgt-arm_18.1.3.LTS\lib\</path>
         <kind>archive</kind>
         <file>rtsv7M4_T_le_v4SPD16_eabi.lib</file>
         <name>cpy_tbl.c.obj</name>
      </input_file>
      <input_file id="fl-c8">
         <path>D:\Programs\ti\ccsv8\tools\compiler\ti-cgt-arm_18.1.3.LTS\lib\</path>
         <kind>archive</kind>
         <file>rtsv7M4_T_le_v4SPD16_eabi.lib</file>
         <name>exit.c.obj</name>
      </input_file>
      <input_file id="fl-c9">
         <path>D:\Programs\ti\ccsv8\tools\compiler\ti-cgt-arm_18.1.3.LTS\lib\</path>
         <kind>archive</kind>
         <file>rtsv7M4_T_le_v4SPD16_eabi.lib</file>
         <name>_lock.c.obj</name>
      </input_file>
      <input_file id="fl-ca">
         <path>D:\Programs\ti\ccsv8\tools\compiler\ti-cgt-arm_18.1.3.LTS\lib\</path>
         <kind>archive</kind>
         <file>rtsv7M4_T_le_v4SPD16_eabi.lib</file>
         <name>_printfi.c.obj</name>
      </input_file>
      <input_file id="fl-cb">
         <path>D:\Programs\ti\ccsv8\tools\compiler\ti-cgt-arm_18.1.3.LTS\lib\</path>
         <kind>archive</kind>
         <file>rtsv7M4_T_le_v4SPD16_eabi.lib</file>
         <name>args_main.c.obj</name>
      </input_file>
      <input_file id="fl-cc">
         <path>D:\Programs\ti\ccsv8\tools\compiler\ti-cgt-arm_18.1.3.LTS\lib\</path>
         <kind>archive</kind>
         <file>rtsv7M4_T_le_v4SPD16_eabi.lib</file>
         <name>atoi.c.obj</name>
      </input_file>
      <input_file id="fl-cd">
         <path>D:\Programs\ti\ccsv8\tools\compiler\ti-cgt-arm_18.1.3.LTS\lib\</path>
         <kind>archive</kind>
         <file>rtsv7M4_T_le_v4SPD16_eabi.lib</file>
         <name>ctype.c.obj</name>
      </input_file>
      <input_file id="fl-ce">
         <path>D:\Programs\ti\ccsv8\tools\compiler\ti-cgt-arm_18.1.3.LTS\lib\</path>
         <kind>archive</kind>
         <file>rtsv7M4_T_le_v4SPD16_eabi.lib</file>
         <name>defs.c.obj</name>
      </input_file>
      <input_file id="fl-cf">
         <path>D:\Programs\ti\ccsv8\tools\compiler\ti-cgt-arm_18.1.3.LTS\lib\</path>
         <kind>archive</kind>
         <file>rtsv7M4_T_le_v4SPD16_eabi.lib</file>
         <name>fputc.c.obj</name>
      </input_file>
      <input_file id="fl-d0">
         <path>D:\Programs\ti\ccsv8\tools\compiler\ti-cgt-arm_18.1.3.LTS\lib\</path>
         <kind>archive</kind>
         <file>rtsv7M4_T_le_v4SPD16_eabi.lib</file>
         <name>fputs.c.obj</name>
      </input_file>
      <input_file id="fl-d1">
         <path>D:\Programs\ti\ccsv8\tools\compiler\ti-cgt-arm_18.1.3.LTS\lib\</path>
         <kind>archive</kind>
         <file>rtsv7M4_T_le_v4SPD16_eabi.lib</file>
         <name>ltoa.c.obj</name>
      </input_file>
      <input_file id="fl-d2">
         <path>D:\Programs\ti\ccsv8\tools\compiler\ti-cgt-arm_18.1.3.LTS\lib\</path>
         <kind>archive</kind>
         <file>rtsv7M4_T_le_v4SPD16_eabi.lib</file>
         <name>memccpy.c.obj</name>
      </input_file>
      <input_file id="fl-d3">
         <path>D:\Programs\ti\ccsv8\tools\compiler\ti-cgt-arm_18.1.3.LTS\lib\</path>
         <kind>archive</kind>
         <file>rtsv7M4_T_le_v4SPD16_eabi.lib</file>
         <name>memchr.c.obj</name>
      </input_file>
      <input_file id="fl-d4">
         <path>D:\Programs\ti\ccsv8\tools\compiler\ti-cgt-arm_18.1.3.LTS\lib\</path>
         <kind>archive</kind>
         <file>rtsv7M4_T_le_v4SPD16_eabi.lib</file>
         <name>strchr.c.obj</name>
      </input_file>
      <input_file id="fl-d5">
         <path>D:\Programs\ti\ccsv8\tools\compiler\ti-cgt-arm_18.1.3.LTS\lib\</path>
         <kind>archive</kind>
         <file>rtsv7M4_T_le_v4SPD16_eabi.lib</file>
         <name>strlen.c.obj</name>
      </input_file>
      <input_file id="fl-d6">
         <path>D:\Programs\ti\ccsv8\tools\compiler\ti-cgt-arm_18.1.3.LTS\lib\</path>
         <kind>archive</kind>
         <file>rtsv7M4_T_le_v4SPD16_eabi.lib</file>
         <name>write.c.obj</name>
      </input_file>
      <input_file id="fl-d7">
         <path>D:\Programs\ti\ccsv8\tools\compiler\ti-cgt-arm_18.1.3.LTS\lib\</path>
         <kind>archive</kind>
         <file>rtsv7M4_T_le_v4SPD16_eabi.lib</file>
         <name>errno.c.obj</name>
      </input_file>
      <input_file id="fl-d8">
         <path>D:\Programs\ti\ccsv8\tools\compiler\ti-cgt-arm_18.1.3.LTS\lib\</path>
         <kind>archive</kind>
         <file>rtsv7M4_T_le_v4SPD16_eabi.lib</file>
         <name>s_frexp.c.obj</name>
      </input_file>
      <input_file id="fl-d9">
         <path>D:\Programs\ti\ccsv8\tools\compiler\ti-cgt-arm_18.1.3.LTS\lib\</path>
         <kind>archive</kind>
         <file>rtsv7M4_T_le_v4SPD16_eabi.lib</file>
         <name>s_scalbn.c.obj</name>
      </input_file>
      <input_file id="fl-da">
         <path>D:\Programs\ti\ccsv8\tools\compiler\ti-cgt-arm_18.1.3.LTS\lib\</path>
         <kind>archive</kind>
         <file>rtsv7M4_T_le_v4SPD16_eabi.lib</file>
         <name>wcslen.c.obj</name>
      </input_file>
      <input_file id="fl-db">
         <path>D:\Programs\ti\ccsv8\tools\compiler\ti-cgt-arm_18.1.3.LTS\lib\</path>
         <kind>archive</kind>
         <file>rtsv7M4_T_le_v4SPD16_eabi.lib</file>
         <name>s_copysign.c.obj</name>
      </input_file>
      <input_file id="fl-dc">
         <path>D:\Programs\ti\ccsv8\tools\compiler\ti-cgt-arm_18.1.3.LTS\lib\</path>
         <kind>archive</kind>
         <file>rtsv7M4_T_le_v4SPD16_eabi.lib</file>
         <name>ull_div_t2.asm.obj</name>
      </input_file>
      <input_file id="fl-dd">
         <path>D:\Programs\ti\ccsv8\tools\compiler\ti-cgt-arm_18.1.3.LTS\lib\</path>
         <kind>archive</kind>
         <file>rtsv7M4_T_le_v4SPD16_eabi.lib</file>
         <name>fd_add_t2.asm.obj</name>
      </input_file>
      <input_file id="fl-de">
         <path>D:\Programs\ti\ccsv8\tools\compiler\ti-cgt-arm_18.1.3.LTS\lib\</path>
         <kind>archive</kind>
         <file>rtsv7M4_T_le_v4SPD16_eabi.lib</file>
         <name>fd_cmp_t2.asm.obj</name>
      </input_file>
      <input_file id="fl-df">
         <path>D:\Programs\ti\ccsv8\tools\compiler\ti-cgt-arm_18.1.3.LTS\lib\</path>
         <kind>archive</kind>
         <file>rtsv7M4_T_le_v4SPD16_eabi.lib</file>
         <name>fd_div_t2.asm.obj</name>
      </input_file>
      <input_file id="fl-e0">
         <path>D:\Programs\ti\ccsv8\tools\compiler\ti-cgt-arm_18.1.3.LTS\lib\</path>
         <kind>archive</kind>
         <file>rtsv7M4_T_le_v4SPD16_eabi.lib</file>
         <name>fd_mul_t2.asm.obj</name>
      </input_file>
      <input_file id="fl-e1">
         <path>D:\Programs\ti\ccsv8\tools\compiler\ti-cgt-arm_18.1.3.LTS\lib\</path>
         <kind>archive</kind>
         <file>rtsv7M4_T_le_v4SPD16_eabi.lib</file>
         <name>fd_toi_t2.asm.obj</name>
      </input_file>
      <input_file id="fl-e2">
         <path>D:\Programs\ti\ccsv8\tools\compiler\ti-cgt-arm_18.1.3.LTS\lib\</path>
         <kind>archive</kind>
         <file>rtsv7M4_T_le_v4SPD16_eabi.lib</file>
         <name>i_tofd_t2.asm.obj</name>
      </input_file>
      <input_file id="fl-e3">
         <path>D:\Programs\ti\ccsv8\tools\compiler\ti-cgt-arm_18.1.3.LTS\lib\</path>
         <kind>archive</kind>
         <file>rtsv7M4_T_le_v4SPD16_eabi.lib</file>
         <name>_io_perm.c.obj</name>
      </input_file>
      <input_file id="fl-e4">
         <path>D:\Programs\ti\ccsv8\tools\compiler\ti-cgt-arm_18.1.3.LTS\lib\</path>
         <kind>archive</kind>
         <file>rtsv7M4_T_le_v4SPD16_eabi.lib</file>
         <name>fflush.c.obj</name>
      </input_file>
      <input_file id="fl-e5">
         <path>D:\Programs\ti\ccsv8\tools\compiler\ti-cgt-arm_18.1.3.LTS\lib\</path>
         <kind>archive</kind>
         <file>rtsv7M4_T_le_v4SPD16_eabi.lib</file>
         <name>fseek.c.obj</name>
      </input_file>
      <input_file id="fl-e6">
         <path>D:\Programs\ti\ccsv8\tools\compiler\ti-cgt-arm_18.1.3.LTS\lib\</path>
         <kind>archive</kind>
         <file>rtsv7M4_T_le_v4SPD16_eabi.lib</file>
         <name>lseek.c.obj</name>
      </input_file>
      <input_file id="fl-e7">
         <path>D:\Programs\ti\ccsv8\tools\compiler\ti-cgt-arm_18.1.3.LTS\lib\</path>
         <kind>archive</kind>
         <file>rtsv7M4_T_le_v4SPD16_eabi.lib</file>
         <name>setvbuf.c.obj</name>
      </input_file>
      <input_file id="fl-e8">
         <path>D:\Programs\ti\ccsv8\tools\compiler\ti-cgt-arm_18.1.3.LTS\lib\</path>
         <kind>archive</kind>
         <file>rtsv7M4_T_le_v4SPD16_eabi.lib</file>
         <name>hostclose.c.obj</name>
      </input_file>
      <input_file id="fl-e9">
         <path>D:\Programs\ti\ccsv8\tools\compiler\ti-cgt-arm_18.1.3.LTS\lib\</path>
         <kind>archive</kind>
         <file>rtsv7M4_T_le_v4SPD16_eabi.lib</file>
         <name>hostlseek.c.obj</name>
      </input_file>
      <input_file id="fl-ea">
         <path>D:\Programs\ti\ccsv8\tools\compiler\ti-cgt-arm_18.1.3.LTS\lib\</path>
         <kind>archive</kind>
         <file>rtsv7M4_T_le_v4SPD16_eabi.lib</file>
         <name>hostopen.c.obj</name>
      </input_file>
      <input_file id="fl-eb">
         <path>D:\Programs\ti\ccsv8\tools\compiler\ti-cgt-arm_18.1.3.LTS\lib\</path>
         <kind>archive</kind>
         <file>rtsv7M4_T_le_v4SPD16_eabi.lib</file>
         <name>hostread.c.obj</name>
      </input_file>
      <input_file id="fl-ec">
         <path>D:\Programs\ti\ccsv8\tools\compiler\ti-cgt-arm_18.1.3.LTS\lib\</path>
         <kind>archive</kind>
         <file>rtsv7M4_T_le_v4SPD16_eabi.lib</file>
         <name>hostrename.c.obj</name>
      </input_file>
      <input_file id="fl-ed">
         <path>D:\Programs\ti\ccsv8\tools\compiler\ti-cgt-arm_18.1.3.LTS\lib\</path>
         <kind>archive</kind>
         <file>rtsv7M4_T_le_v4SPD16_eabi.lib</file>
         <name>hostunlink.c.obj</name>
      </input_file>
      <input_file id="fl-ee">
         <path>D:\Programs\ti\ccsv8\tools\compiler\ti-cgt-arm_18.1.3.LTS\lib\</path>
         <kind>archive</kind>
         <file>rtsv7M4_T_le_v4SPD16_eabi.lib</file>
         <name>hostwrite.c.obj</name>
      </input_file>
      <input_file id="fl-ef">
         <path>D:\Programs\ti\ccsv8\tools\compiler\ti-cgt-arm_18.1.3.LTS\lib\</path>
         <kind>archive</kind>
         <file>rtsv7M4_T_le_v4SPD16_eabi.lib</file>
         <name>trgmsg.c.obj</name>
      </input_file>
      <input_file id="fl-f0">
         <path>D:\Programs\ti\ccsv8\tools\compiler\ti-cgt-arm_18.1.3.LTS\lib\</path>
         <kind>archive</kind>
         <file>rtsv7M4_T_le_v4SPD16_eabi.lib</file>
         <name>div0.asm.obj</name>
      </input_file>
      <input_file id="fl-f1">
         <path>D:\Programs\ti\ccsv8\tools\compiler\ti-cgt-arm_18.1.3.LTS\lib\</path>
         <kind>archive</kind>
         <file>rtsv7M4_T_le_v4SPD16_eabi.lib</file>
         <name>memory.c.obj</name>
      </input_file>
      <input_file id="fl-f2">
         <path>D:\Programs\ti\ccsv8\tools\compiler\ti-cgt-arm_18.1.3.LTS\lib\</path>
         <kind>archive</kind>
         <file>rtsv7M4_T_le_v4SPD16_eabi.lib</file>
         <name>fopen.c.obj</name>
      </input_file>
      <input_file id="fl-f3">
         <path>D:\Programs\ti\ccsv8\tools\compiler\ti-cgt-arm_18.1.3.LTS\lib\</path>
         <kind>archive</kind>
         <file>rtsv7M4_T_le_v4SPD16_eabi.lib</file>
         <name>open.c.obj</name>
      </input_file>
      <input_file id="fl-f4">
         <path>D:\Programs\ti\ccsv8\tools\compiler\ti-cgt-arm_18.1.3.LTS\lib\</path>
         <kind>archive</kind>
         <file>rtsv7M4_T_le_v4SPD16_eabi.lib</file>
         <name>strcpy.c.obj</name>
      </input_file>
      <input_file id="fl-f5">
         <path>D:\Programs\ti\ccsv8\tools\compiler\ti-cgt-arm_18.1.3.LTS\lib\</path>
         <kind>archive</kind>
         <file>rtsv7M4_T_le_v4SPD16_eabi.lib</file>
         <name>fclose.c.obj</name>
      </input_file>
      <input_file id="fl-f6">
         <path>D:\Programs\ti\ccsv8\tools\compiler\ti-cgt-arm_18.1.3.LTS\lib\</path>
         <kind>archive</kind>
         <file>rtsv7M4_T_le_v4SPD16_eabi.lib</file>
         <name>getdevice.c.obj</name>
      </input_file>
      <input_file id="fl-f7">
         <path>D:\Programs\ti\ccsv8\tools\compiler\ti-cgt-arm_18.1.3.LTS\lib\</path>
         <kind>archive</kind>
         <file>rtsv7M4_T_le_v4SPD16_eabi.lib</file>
         <name>remove.c.obj</name>
      </input_file>
      <input_file id="fl-f8">
         <path>D:\Programs\ti\ccsv8\tools\compiler\ti-cgt-arm_18.1.3.LTS\lib\</path>
         <kind>archive</kind>
         <file>rtsv7M4_T_le_v4SPD16_eabi.lib</file>
         <name>strcmp.c.obj</name>
      </input_file>
      <input_file id="fl-f9">
         <path>D:\Programs\ti\ccsv8\tools\compiler\ti-cgt-arm_18.1.3.LTS\lib\</path>
         <kind>archive</kind>
         <file>rtsv7M4_T_le_v4SPD16_eabi.lib</file>
         <name>strncpy.c.obj</name>
      </input_file>
      <input_file id="fl-fa">
         <path>D:\Programs\ti\ccsv8\tools\compiler\ti-cgt-arm_18.1.3.LTS\lib\</path>
         <kind>archive</kind>
         <file>rtsv7M4_T_le_v4SPD16_eabi.lib</file>
         <name>unlink.c.obj</name>
      </input_file>
      <input_file id="fl-fb">
         <path>D:\Programs\ti\ccsv8\tools\compiler\ti-cgt-arm_18.1.3.LTS\lib\</path>
         <kind>archive</kind>
         <file>rtsv7M4_T_le_v4SPD16_eabi.lib</file>
         <name>close.c.obj</name>
      </input_file>
   </input_file_list>
   <object_component_list>
      <object_component id="oc-23">
         <name>.intvecs:retain</name>
         <load_address>0x0</load_address>
         <run_address>0x0</run_address>
         <size>0xe4</size>
         <input_file_ref idref="fl-3"/>
      </object_component>
      <object_component id="oc-129">
         <name>.text:__TI_printfi</name>
         <load_address>0xe4</load_address>
         <run_address>0xe4</run_address>
         <size>0xa5e</size>
         <input_file_ref idref="fl-ca"/>
      </object_component>
      <object_component id="oc-1c0">
         <name>.text:_nop</name>
         <load_address>0xb42</load_address>
         <run_address>0xb42</run_address>
         <size>0x2</size>
         <input_file_ref idref="fl-c9"/>
      </object_component>
      <object_component id="oc-a9">
         <name>.text</name>
         <load_address>0xb44</load_address>
         <run_address>0xb44</run_address>
         <size>0x334</size>
         <input_file_ref idref="fl-4"/>
      </object_component>
      <object_component id="oc-19c">
         <name>.text:_pconv_a</name>
         <load_address>0xe78</load_address>
         <run_address>0xe78</run_address>
         <size>0x270</size>
         <input_file_ref idref="fl-ca"/>
      </object_component>
      <object_component id="oc-18a">
         <name>.text:_pconv_g</name>
         <load_address>0x10e8</load_address>
         <run_address>0x10e8</run_address>
         <size>0x1d0</size>
         <input_file_ref idref="fl-ca"/>
      </object_component>
      <object_component id="oc-227">
         <name>.text</name>
         <load_address>0x12b8</load_address>
         <run_address>0x12b8</run_address>
         <size>0x1b6</size>
         <input_file_ref idref="fl-dd"/>
      </object_component>
      <object_component id="oc-2ad">
         <name>.text</name>
         <load_address>0x146e</load_address>
         <run_address>0x146e</run_address>
         <size>0x2</size>
         <input_file_ref idref="fl-f0"/>
      </object_component>
      <object_component id="oc-97">
         <name>.text</name>
         <load_address>0x1470</load_address>
         <run_address>0x1470</run_address>
         <size>0x16c</size>
         <input_file_ref idref="fl-2"/>
      </object_component>
      <object_component id="oc-196">
         <name>.text:_pconv_e</name>
         <load_address>0x15dc</load_address>
         <run_address>0x15dc</run_address>
         <size>0x13c</size>
         <input_file_ref idref="fl-ca"/>
      </object_component>
      <object_component id="oc-20d">
         <name>.text</name>
         <load_address>0x1718</load_address>
         <run_address>0x1718</run_address>
         <size>0x136</size>
         <input_file_ref idref="fl-df"/>
      </object_component>
      <object_component id="oc-239">
         <name>.text:fcvt</name>
         <load_address>0x1850</load_address>
         <run_address>0x1850</run_address>
         <size>0x120</size>
         <input_file_ref idref="fl-ca"/>
      </object_component>
      <object_component id="oc-1ce">
         <name>.text:fputs</name>
         <load_address>0x1970</load_address>
         <run_address>0x1970</run_address>
         <size>0x114</size>
         <input_file_ref idref="fl-d0"/>
      </object_component>
      <object_component id="oc-24d">
         <name>.text:scalbn</name>
         <load_address>0x1a84</load_address>
         <run_address>0x1a84</run_address>
         <size>0x110</size>
         <input_file_ref idref="fl-d9"/>
      </object_component>
      <object_component id="oc-208">
         <name>.text</name>
         <load_address>0x1b94</load_address>
         <run_address>0x1b94</run_address>
         <size>0xfc</size>
         <input_file_ref idref="fl-e0"/>
      </object_component>
      <object_component id="oc-2e8">
         <name>.text:setvbuf</name>
         <load_address>0x1c90</load_address>
         <run_address>0x1c90</run_address>
         <size>0xdc</size>
         <input_file_ref idref="fl-e7"/>
      </object_component>
      <object_component id="oc-316">
         <name>.text:free</name>
         <load_address>0x1d6c</load_address>
         <run_address>0x1d6c</run_address>
         <size>0xd8</size>
         <input_file_ref idref="fl-f1"/>
      </object_component>
      <object_component id="oc-17f">
         <name>.text:_ltostr</name>
         <load_address>0x1e44</load_address>
         <run_address>0x1e44</run_address>
         <size>0xb1</size>
         <input_file_ref idref="fl-ca"/>
      </object_component>
      <object_component id="oc-37">
         <name>.text</name>
         <load_address>0x1ef6</load_address>
         <run_address>0x1ef6</run_address>
         <size>0x9c</size>
         <input_file_ref idref="fl-c4"/>
      </object_component>
      <object_component id="oc-201">
         <name>.text</name>
         <load_address>0x1f92</load_address>
         <run_address>0x1f92</run_address>
         <size>0x96</size>
         <input_file_ref idref="fl-dc"/>
      </object_component>
      <object_component id="oc-1d5">
         <name>.text:fputc</name>
         <load_address>0x2028</load_address>
         <run_address>0x2028</run_address>
         <size>0x8c</size>
         <input_file_ref idref="fl-cf"/>
      </object_component>
      <object_component id="oc-185">
         <name>.text:__aeabi_cdcmple</name>
         <load_address>0x20b4</load_address>
         <run_address>0x20b4</run_address>
         <size>0x86</size>
         <input_file_ref idref="fl-de"/>
      </object_component>
      <object_component id="oc-212">
         <name>.text:__aeabi_cdrcmple</name>
         <load_address>0x213a</load_address>
         <run_address>0x213a</run_address>
         <size>0x86</size>
         <input_file_ref idref="fl-de"/>
      </object_component>
      <object_component id="oc-8b">
         <name>.text</name>
         <load_address>0x21c0</load_address>
         <run_address>0x21c0</run_address>
         <size>0x7a</size>
         <input_file_ref idref="fl-c3"/>
      </object_component>
      <object_component id="oc-31c">
         <name>.text:malloc</name>
         <load_address>0x223c</load_address>
         <run_address>0x223c</run_address>
         <size>0x78</size>
         <input_file_ref idref="fl-f1"/>
      </object_component>
      <object_component id="oc-361">
         <name>.text:__TI_closefile</name>
         <load_address>0x22b4</load_address>
         <run_address>0x22b4</run_address>
         <size>0x74</size>
         <input_file_ref idref="fl-f5"/>
      </object_component>
      <object_component id="oc-232">
         <name>.text:_mcpy</name>
         <load_address>0x2328</load_address>
         <run_address>0x2328</run_address>
         <size>0x6e</size>
         <input_file_ref idref="fl-ca"/>
      </object_component>
      <object_component id="oc-385">
         <name>.text:HOSTlseek</name>
         <load_address>0x2398</load_address>
         <run_address>0x2398</run_address>
         <size>0x68</size>
         <input_file_ref idref="fl-e9"/>
      </object_component>
      <object_component id="oc-391">
         <name>.text:HOSTrename</name>
         <load_address>0x2400</load_address>
         <run_address>0x2400</run_address>
         <size>0x68</size>
         <input_file_ref idref="fl-ec"/>
      </object_component>
      <object_component id="oc-14">
         <name>.text:decompress:lzss:__TI_decompress_lzss</name>
         <load_address>0x2468</load_address>
         <run_address>0x2468</run_address>
         <size>0x68</size>
         <input_file_ref idref="fl-c0"/>
      </object_component>
      <object_component id="oc-d3">
         <name>.text:printf</name>
         <load_address>0x24d0</load_address>
         <run_address>0x24d0</run_address>
         <size>0x68</size>
         <input_file_ref idref="fl-c1"/>
      </object_component>
      <object_component id="oc-247">
         <name>.text:frexp</name>
         <load_address>0x2538</load_address>
         <run_address>0x2538</run_address>
         <size>0x64</size>
         <input_file_ref idref="fl-d8"/>
      </object_component>
      <object_component id="oc-2e2">
         <name>.text:fseek</name>
         <load_address>0x259c</load_address>
         <run_address>0x259c</run_address>
         <size>0x64</size>
         <input_file_ref idref="fl-e5"/>
      </object_component>
      <object_component id="oc-27e">
         <name>.text:__TI_wrt_ok</name>
         <load_address>0x2600</load_address>
         <run_address>0x2600</run_address>
         <size>0x62</size>
         <input_file_ref idref="fl-e3"/>
      </object_component>
      <object_component id="oc-36d">
         <name>.text:HOSTopen</name>
         <load_address>0x2664</load_address>
         <run_address>0x2664</run_address>
         <size>0x60</size>
         <input_file_ref idref="fl-ea"/>
      </object_component>
      <object_component id="oc-3a0">
         <name>.text:close</name>
         <load_address>0x26c4</load_address>
         <run_address>0x26c4</run_address>
         <size>0x5c</size>
         <input_file_ref idref="fl-fb"/>
      </object_component>
      <object_component id="oc-379">
         <name>.text:HOSTread</name>
         <load_address>0x2720</load_address>
         <run_address>0x2720</run_address>
         <size>0x58</size>
         <input_file_ref idref="fl-eb"/>
      </object_component>
      <object_component id="oc-37f">
         <name>.text:HOSTwrite</name>
         <load_address>0x2778</load_address>
         <run_address>0x2778</run_address>
         <size>0x58</size>
         <input_file_ref idref="fl-ee"/>
      </object_component>
      <object_component id="oc-190">
         <name>.text:_pconv_f</name>
         <load_address>0x27d0</load_address>
         <run_address>0x27d0</run_address>
         <size>0x56</size>
         <input_file_ref idref="fl-ca"/>
      </object_component>
      <object_component id="oc-21c">
         <name>.text:ltoa</name>
         <load_address>0x2826</load_address>
         <run_address>0x2826</run_address>
         <size>0x54</size>
         <input_file_ref idref="fl-d1"/>
      </object_component>
      <object_component id="oc-22c">
         <name>.text:_ecpy</name>
         <load_address>0x287a</load_address>
         <run_address>0x287a</run_address>
         <size>0x52</size>
         <input_file_ref idref="fl-ca"/>
      </object_component>
      <object_component id="oc-28a">
         <name>.text:__TI_doflush</name>
         <load_address>0x28cc</load_address>
         <run_address>0x28cc</run_address>
         <size>0x4c</size>
         <input_file_ref idref="fl-e4"/>
      </object_component>
      <object_component id="oc-179">
         <name>.text:atoi</name>
         <load_address>0x2918</load_address>
         <run_address>0x2918</run_address>
         <size>0x4c</size>
         <input_file_ref idref="fl-cc"/>
      </object_component>
      <object_component id="oc-e3">
         <name>.text:exit</name>
         <load_address>0x2964</load_address>
         <run_address>0x2964</run_address>
         <size>0x48</size>
         <input_file_ref idref="fl-c8"/>
      </object_component>
      <object_component id="oc-217">
         <name>.text</name>
         <load_address>0x29ac</load_address>
         <run_address>0x29ac</run_address>
         <size>0x48</size>
         <input_file_ref idref="fl-e1"/>
      </object_component>
      <object_component id="oc-373">
         <name>.text:HOSTclose</name>
         <load_address>0x29f4</load_address>
         <run_address>0x29f4</run_address>
         <size>0x44</size>
         <input_file_ref idref="fl-e8"/>
      </object_component>
      <object_component id="oc-38b">
         <name>.text:HOSTunlink</name>
         <load_address>0x2a38</load_address>
         <run_address>0x2a38</run_address>
         <size>0x44</size>
         <input_file_ref idref="fl-ed"/>
      </object_component>
      <object_component id="oc-e9">
         <name>.text:__TI_auto_init_nobinit_nopinit:__TI_auto_init_nobinit_nopinit</name>
         <load_address>0x2a7c</load_address>
         <run_address>0x2a7c</run_address>
         <size>0x44</size>
         <input_file_ref idref="fl-c5"/>
      </object_component>
      <object_component id="oc-3d5">
         <name>.text:getdevice</name>
         <load_address>0x2ac0</load_address>
         <run_address>0x2ac0</run_address>
         <size>0x44</size>
         <input_file_ref idref="fl-f6"/>
      </object_component>
      <object_component id="oc-23f">
         <name>.text:_fcpy</name>
         <load_address>0x2b04</load_address>
         <run_address>0x2b04</run_address>
         <size>0x3e</size>
         <input_file_ref idref="fl-ca"/>
      </object_component>
      <object_component id="oc-356">
         <name>.text:minsert</name>
         <load_address>0x2b44</load_address>
         <run_address>0x2b44</run_address>
         <size>0x3c</size>
         <input_file_ref idref="fl-f1"/>
      </object_component>
      <object_component id="oc-3b1">
         <name>.text:__TI_writemsg</name>
         <load_address>0x2b80</load_address>
         <run_address>0x2b80</run_address>
         <size>0x38</size>
         <input_file_ref idref="fl-ef"/>
      </object_component>
      <object_component id="oc-55">
         <name>.text:_c_int00_noargs:_c_int00_noargs</name>
         <load_address>0x2bb8</load_address>
         <run_address>0x2bb8</run_address>
         <size>0x38</size>
         <input_file_ref idref="fl-c2"/>
      </object_component>
      <object_component id="oc-34a">
         <name>.text:minit</name>
         <load_address>0x2bf0</load_address>
         <run_address>0x2bf0</run_address>
         <size>0x38</size>
         <input_file_ref idref="fl-f1"/>
      </object_component>
      <object_component id="oc-3f7">
         <name>.text:strncpy</name>
         <load_address>0x2c28</load_address>
         <run_address>0x2c28</run_address>
         <size>0x36</size>
         <input_file_ref idref="fl-f9"/>
      </object_component>
      <object_component id="oc-322">
         <name>.text:__TI_cleanup</name>
         <load_address>0x2c60</load_address>
         <run_address>0x2c60</run_address>
         <size>0x34</size>
         <input_file_ref idref="fl-f2"/>
      </object_component>
      <object_component id="oc-3b7">
         <name>.text:__TI_readmsg</name>
         <load_address>0x2c94</load_address>
         <run_address>0x2c94</run_address>
         <size>0x34</size>
         <input_file_ref idref="fl-ef"/>
      </object_component>
      <object_component id="oc-3fd">
         <name>.text:finddevice</name>
         <load_address>0x2cc8</load_address>
         <run_address>0x2cc8</run_address>
         <size>0x30</size>
         <input_file_ref idref="fl-f6"/>
      </object_component>
      <object_component id="oc-222">
         <name>.text</name>
         <load_address>0x2cf8</load_address>
         <run_address>0x2cf8</run_address>
         <size>0x2e</size>
         <input_file_ref idref="fl-e2"/>
      </object_component>
      <object_component id="oc-3a6">
         <name>.text:unlink</name>
         <load_address>0x2d28</load_address>
         <run_address>0x2d28</run_address>
         <size>0x2c</size>
         <input_file_ref idref="fl-fa"/>
      </object_component>
      <object_component id="oc-30e">
         <name>.text:lseek</name>
         <load_address>0x2d54</load_address>
         <run_address>0x2d54</run_address>
         <size>0x28</size>
         <input_file_ref idref="fl-e6"/>
      </object_component>
      <object_component id="oc-350">
         <name>.text:mremove</name>
         <load_address>0x2d7c</load_address>
         <run_address>0x2d7c</run_address>
         <size>0x28</size>
         <input_file_ref idref="fl-f1"/>
      </object_component>
      <object_component id="oc-290">
         <name>.text:write</name>
         <load_address>0x2da4</load_address>
         <run_address>0x2da4</run_address>
         <size>0x28</size>
         <input_file_ref idref="fl-d6"/>
      </object_component>
      <object_component id="oc-284">
         <name>.text:memchr</name>
         <load_address>0x2dcc</load_address>
         <run_address>0x2dcc</run_address>
         <size>0x20</size>
         <input_file_ref idref="fl-d3"/>
      </object_component>
      <object_component id="oc-1a2">
         <name>.text:memccpy</name>
         <load_address>0x2dec</load_address>
         <run_address>0x2dec</run_address>
         <size>0x1c</size>
         <input_file_ref idref="fl-d2"/>
      </object_component>
      <object_component id="oc-414">
         <name>.text:strcmp</name>
         <load_address>0x2e08</load_address>
         <run_address>0x2e08</run_address>
         <size>0x18</size>
         <input_file_ref idref="fl-f8"/>
      </object_component>
      <object_component id="oc-253">
         <name>.text:strchr</name>
         <load_address>0x2e20</load_address>
         <run_address>0x2e20</run_address>
         <size>0x16</size>
         <input_file_ref idref="fl-d4"/>
      </object_component>
      <object_component id="oc-2c6">
         <name>.text:copysign</name>
         <load_address>0x2e36</load_address>
         <run_address>0x2e36</run_address>
         <size>0x14</size>
         <input_file_ref idref="fl-db"/>
      </object_component>
      <object_component id="oc-3cb">
         <name>.text:strcpy</name>
         <load_address>0x2e4a</load_address>
         <run_address>0x2e4a</run_address>
         <size>0x14</size>
         <input_file_ref idref="fl-f4"/>
      </object_component>
      <object_component id="oc-173">
         <name>.text:strlen</name>
         <load_address>0x2e5e</load_address>
         <run_address>0x2e5e</run_address>
         <size>0x14</size>
         <input_file_ref idref="fl-d5"/>
      </object_component>
      <object_component id="oc-43">
         <name>.text:decompress:ZI:__TI_zero_init_nomemset:__TI_zero_init_nomemset</name>
         <load_address>0x2e72</load_address>
         <run_address>0x2e72</run_address>
         <size>0x12</size>
         <input_file_ref idref="fl-be"/>
      </object_component>
      <object_component id="oc-1a8">
         <name>.text:wcslen</name>
         <load_address>0x2e84</load_address>
         <run_address>0x2e84</run_address>
         <size>0x12</size>
         <input_file_ref idref="fl-da"/>
      </object_component>
      <object_component id="oc-1a">
         <name>.text:decompress:none:__TI_decompress_none</name>
         <load_address>0x2e96</load_address>
         <run_address>0x2e96</run_address>
         <size>0xe</size>
         <input_file_ref idref="fl-bf"/>
      </object_component>
      <object_component id="oc-67">
         <name>.text</name>
         <load_address>0x2ea4</load_address>
         <run_address>0x2ea4</run_address>
         <size>0xe</size>
         <input_file_ref idref="fl-3"/>
      </object_component>
      <object_component id="oc-1ae">
         <name>.text:__aeabi_errno_addr</name>
         <load_address>0x2eb4</load_address>
         <run_address>0x2eb4</run_address>
         <size>0x8</size>
         <input_file_ref idref="fl-d7"/>
      </object_component>
      <object_component id="oc-13b">
         <name>.text:_outc</name>
         <load_address>0x2ebc</load_address>
         <run_address>0x2ebc</run_address>
         <size>0x4</size>
         <input_file_ref idref="fl-c1"/>
      </object_component>
      <object_component id="oc-135">
         <name>.text:_outs</name>
         <load_address>0x2ec0</load_address>
         <run_address>0x2ec0</run_address>
         <size>0x4</size>
         <input_file_ref idref="fl-c1"/>
      </object_component>
      <object_component id="oc-91">
         <name>.text:_system_pre_init</name>
         <load_address>0x2ec4</load_address>
         <run_address>0x2ec4</run_address>
         <size>0x4</size>
         <input_file_ref idref="fl-c6"/>
      </object_component>
      <object_component id="oc-dd">
         <name>.text:abort:abort</name>
         <load_address>0x2ec8</load_address>
         <run_address>0x2ec8</run_address>
         <size>0x4</size>
         <input_file_ref idref="fl-c8"/>
      </object_component>
      <object_component id="oc-1fc">
         <name>.const:.string:_ctypes_</name>
         <load_address>0x2ecc</load_address>
         <run_address>0x2ecc</run_address>
         <size>0x101</size>
         <input_file_ref idref="fl-cd"/>
      </object_component>
      <object_component id="oc-452">
         <name>.cinit..data.load</name>
         <load_address>0x2fd0</load_address>
         <run_address>0x2fd0</run_address>
         <size>0x70</size>
      </object_component>
      <object_component id="oc-450">
         <name>__TI_handler_table</name>
         <load_address>0x3040</load_address>
         <run_address>0x3040</run_address>
         <size>0xc</size>
      </object_component>
      <object_component id="oc-453">
         <name>.cinit..bss.load</name>
         <load_address>0x3050</load_address>
         <run_address>0x3050</run_address>
         <size>0x8</size>
      </object_component>
      <object_component id="oc-451">
         <name>__TI_cinit_table</name>
         <load_address>0x3058</load_address>
         <run_address>0x3058</run_address>
         <size>0x10</size>
      </object_component>
      <object_component id="oc-425">
         <name>.binit</name>
         <load_address>0x0</load_address>
         <run_address>0x0</run_address>
         <size>0x0</size>
      </object_component>
      <object_component id="oc-11b">
         <name>.data</name>
         <load_address>0x200005ec</load_address>
         <run_address>0x200005ec</run_address>
         <size>0x4</size>
         <input_file_ref idref="fl-4"/>
      </object_component>
      <object_component id="oc-155">
         <name>.data:$O1$$</name>
         <load_address>0x200005c8</load_address>
         <run_address>0x200005c8</run_address>
         <size>0xc</size>
         <input_file_ref idref="fl-c8"/>
      </object_component>
      <object_component id="oc-12f">
         <name>.data:$O1$$</name>
         <load_address>0x200005e0</load_address>
         <run_address>0x200005e0</run_address>
         <size>0x8</size>
         <input_file_ref idref="fl-c9"/>
      </object_component>
      <object_component id="oc-132">
         <name>.data:_ftable</name>
         <load_address>0x20000400</load_address>
         <run_address>0x20000400</run_address>
         <size>0xf0</size>
         <input_file_ref idref="fl-ce"/>
      </object_component>
      <object_component id="oc-367">
         <name>.data</name>
         <load_address>0x200005b8</load_address>
         <run_address>0x200005b8</run_address>
         <size>0x10</size>
         <input_file_ref idref="fl-ce"/>
      </object_component>
      <object_component id="oc-335">
         <name>.data:_device</name>
         <load_address>0x200004f0</load_address>
         <run_address>0x200004f0</run_address>
         <size>0x78</size>
         <input_file_ref idref="fl-d6"/>
      </object_component>
      <object_component id="oc-2f4">
         <name>.data:_stream</name>
         <load_address>0x20000568</load_address>
         <run_address>0x20000568</run_address>
         <size>0x50</size>
         <input_file_ref idref="fl-d6"/>
      </object_component>
      <object_component id="oc-263">
         <name>.data</name>
         <load_address>0x200005e8</load_address>
         <run_address>0x200005e8</run_address>
         <size>0x4</size>
         <input_file_ref idref="fl-d7"/>
      </object_component>
      <object_component id="oc-35c">
         <name>.data:$O1$$</name>
         <load_address>0x200005d4</load_address>
         <run_address>0x200005d4</run_address>
         <size>0xc</size>
         <input_file_ref idref="fl-f1"/>
      </object_component>
      <object_component id="oc-3df">
         <name>.bss:_CIOBUF_</name>
         <uninitialized>true</uninitialized>
         <run_address>0x200005f0</run_address>
         <size>0x120</size>
         <input_file_ref idref="fl-ef"/>
      </object_component>
      <object_component id="oc-d9">
         <name>.common:irct</name>
         <uninitialized>true</uninitialized>
         <run_address>0x200007b0</run_address>
         <size>0x20</size>
      </object_component>
      <object_component id="oc-3ac">
         <name>.common:__TI_tmpnams</name>
         <uninitialized>true</uninitialized>
         <run_address>0x20000710</run_address>
         <size>0xa0</size>
      </object_component>
      <object_component id="oc-3bd">
         <name>.common:parmbuf</name>
         <uninitialized>true</uninitialized>
         <run_address>0x200007d0</run_address>
         <size>0x8</size>
      </object_component>
      <object_component id="oc-29">
         <name>.sysmem</name>
         <uninitialized>true</uninitialized>
         <run_address>0x20000000</run_address>
         <size>0x8</size>
         <input_file_ref idref="fl-f1"/>
      </object_component>
      <object_component id="oc-455">
         <name>.sysmem</name>
         <uninitialized>true</uninitialized>
         <run_address>0x20000000</run_address>
         <size>0x0</size>
      </object_component>
      <object_component id="oc-26">
         <name>.stack</name>
         <uninitialized>true</uninitialized>
         <run_address>0x2000fe00</run_address>
         <size>0x4</size>
         <input_file_ref idref="fl-c2"/>
      </object_component>
      <object_component id="oc-454">
         <name>.stack</name>
         <uninitialized>true</uninitialized>
         <run_address>0x2000fe00</run_address>
         <size>0x0</size>
      </object_component>
      <object_component id="oc-da">
         <name>.debug_info</name>
         <load_address>0x0</load_address>
         <run_address>0x0</run_address>
         <size>0x5c1</size>
         <input_file_ref idref="fl-2"/>
      </object_component>
      <object_component id="oc-98">
         <name>.debug_info</name>
         <load_address>0x5c1</load_address>
         <run_address>0x5c1</run_address>
         <size>0x12c</size>
         <input_file_ref idref="fl-2"/>
      </object_component>
      <object_component id="oc-14a">
         <name>.debug_info</name>
         <load_address>0x6ed</load_address>
         <run_address>0x6ed</run_address>
         <size>0x37e2</size>
         <input_file_ref idref="fl-2"/>
      </object_component>
      <object_component id="oc-b2">
         <name>.debug_info</name>
         <load_address>0x3ecf</load_address>
         <run_address>0x3ecf</run_address>
         <size>0x26b</size>
         <input_file_ref idref="fl-2"/>
      </object_component>
      <object_component id="oc-14f">
         <name>.debug_info</name>
         <load_address>0x413a</load_address>
         <run_address>0x413a</run_address>
         <size>0x1055</size>
         <input_file_ref idref="fl-2"/>
      </object_component>
      <object_component id="oc-32">
         <name>.debug_info</name>
         <load_address>0x518f</load_address>
         <run_address>0x518f</run_address>
         <size>0x84</size>
         <input_file_ref idref="fl-2"/>
      </object_component>
      <object_component id="oc-124">
         <name>.debug_info</name>
         <load_address>0x5213</load_address>
         <run_address>0x5213</run_address>
         <size>0x297</size>
         <input_file_ref idref="fl-2"/>
      </object_component>
      <object_component id="oc-11f">
         <name>.debug_info</name>
         <load_address>0x54aa</load_address>
         <run_address>0x54aa</run_address>
         <size>0xbb</size>
         <input_file_ref idref="fl-2"/>
      </object_component>
      <object_component id="oc-143">
         <name>.debug_info</name>
         <load_address>0x5565</load_address>
         <run_address>0x5565</run_address>
         <size>0x2c</size>
         <input_file_ref idref="fl-2"/>
      </object_component>
      <object_component id="oc-6f">
         <name>.debug_info</name>
         <load_address>0x5591</load_address>
         <run_address>0x5591</run_address>
         <size>0x2dc</size>
         <input_file_ref idref="fl-3"/>
      </object_component>
      <object_component id="oc-24">
         <name>.debug_info</name>
         <load_address>0x586d</load_address>
         <run_address>0x586d</run_address>
         <size>0x108</size>
         <input_file_ref idref="fl-3"/>
      </object_component>
      <object_component id="oc-68">
         <name>.debug_info</name>
         <load_address>0x5975</load_address>
         <run_address>0x5975</run_address>
         <size>0x1cf</size>
         <input_file_ref idref="fl-3"/>
      </object_component>
      <object_component id="oc-11c">
         <name>.debug_info</name>
         <load_address>0x5b44</load_address>
         <run_address>0x5b44</run_address>
         <size>0x101</size>
         <input_file_ref idref="fl-4"/>
      </object_component>
      <object_component id="oc-aa">
         <name>.debug_info</name>
         <load_address>0x5c45</load_address>
         <run_address>0x5c45</run_address>
         <size>0x273</size>
         <input_file_ref idref="fl-4"/>
      </object_component>
      <object_component id="oc-8a">
         <name>.debug_info</name>
         <load_address>0x5eb8</load_address>
         <run_address>0x5eb8</run_address>
         <size>0x313</size>
         <input_file_ref idref="fl-be"/>
      </object_component>
      <object_component id="oc-47">
         <name>.debug_info</name>
         <load_address>0x61cb</load_address>
         <run_address>0x61cb</run_address>
         <size>0x1b4</size>
         <input_file_ref idref="fl-be"/>
      </object_component>
      <object_component id="oc-85">
         <name>.debug_info</name>
         <load_address>0x637f</load_address>
         <run_address>0x637f</run_address>
         <size>0x46</size>
         <input_file_ref idref="fl-be"/>
      </object_component>
      <object_component id="oc-ca">
         <name>.debug_info</name>
         <load_address>0x63c5</load_address>
         <run_address>0x63c5</run_address>
         <size>0x2c</size>
         <input_file_ref idref="fl-be"/>
      </object_component>
      <object_component id="oc-42">
         <name>.debug_info</name>
         <load_address>0x63f1</load_address>
         <run_address>0x63f1</run_address>
         <size>0x29d</size>
         <input_file_ref idref="fl-bf"/>
      </object_component>
      <object_component id="oc-1e">
         <name>.debug_info</name>
         <load_address>0x668e</load_address>
         <run_address>0x668e</run_address>
         <size>0x1df</size>
         <input_file_ref idref="fl-bf"/>
      </object_component>
      <object_component id="oc-3d">
         <name>.debug_info</name>
         <load_address>0x686d</load_address>
         <run_address>0x686d</run_address>
         <size>0x46</size>
         <input_file_ref idref="fl-bf"/>
      </object_component>
      <object_component id="oc-7d">
         <name>.debug_info</name>
         <load_address>0x68b3</load_address>
         <run_address>0x68b3</run_address>
         <size>0x2c</size>
         <input_file_ref idref="fl-bf"/>
      </object_component>
      <object_component id="oc-7b">
         <name>.debug_info</name>
         <load_address>0x68df</load_address>
         <run_address>0x68df</run_address>
         <size>0x293</size>
         <input_file_ref idref="fl-c0"/>
      </object_component>
      <object_component id="oc-18">
         <name>.debug_info</name>
         <load_address>0x6b72</load_address>
         <run_address>0x6b72</run_address>
         <size>0x245</size>
         <input_file_ref idref="fl-c0"/>
      </object_component>
      <object_component id="oc-2d">
         <name>.debug_info</name>
         <load_address>0x6db7</load_address>
         <run_address>0x6db7</run_address>
         <size>0x60</size>
         <input_file_ref idref="fl-c0"/>
      </object_component>
      <object_component id="oc-c3">
         <name>.debug_info</name>
         <load_address>0x6e17</load_address>
         <run_address>0x6e17</run_address>
         <size>0x46</size>
         <input_file_ref idref="fl-c0"/>
      </object_component>
      <object_component id="oc-76">
         <name>.debug_info</name>
         <load_address>0x6e5d</load_address>
         <run_address>0x6e5d</run_address>
         <size>0x39</size>
         <input_file_ref idref="fl-c0"/>
      </object_component>
      <object_component id="oc-142">
         <name>.debug_info</name>
         <load_address>0x6e96</load_address>
         <run_address>0x6e96</run_address>
         <size>0x3da</size>
         <input_file_ref idref="fl-c1"/>
      </object_component>
      <object_component id="oc-13c">
         <name>.debug_info</name>
         <load_address>0x7270</load_address>
         <run_address>0x7270</run_address>
         <size>0x14c</size>
         <input_file_ref idref="fl-c1"/>
      </object_component>
      <object_component id="oc-136">
         <name>.debug_info</name>
         <load_address>0x73bc</load_address>
         <run_address>0x73bc</run_address>
         <size>0x15b</size>
         <input_file_ref idref="fl-c1"/>
      </object_component>
      <object_component id="oc-d4">
         <name>.debug_info</name>
         <load_address>0x7517</load_address>
         <run_address>0x7517</run_address>
         <size>0x1a1</size>
         <input_file_ref idref="fl-c1"/>
      </object_component>
      <object_component id="oc-1de">
         <name>.debug_info</name>
         <load_address>0x76b8</load_address>
         <run_address>0x76b8</run_address>
         <size>0xb2</size>
         <input_file_ref idref="fl-c1"/>
      </object_component>
      <object_component id="oc-27">
         <name>.debug_info</name>
         <load_address>0x776a</load_address>
         <run_address>0x776a</run_address>
         <size>0x100</size>
         <input_file_ref idref="fl-c2"/>
      </object_component>
      <object_component id="oc-58">
         <name>.debug_info</name>
         <load_address>0x786a</load_address>
         <run_address>0x786a</run_address>
         <size>0x1a4</size>
         <input_file_ref idref="fl-c2"/>
      </object_component>
      <object_component id="oc-8c">
         <name>.debug_info</name>
         <load_address>0x7a0e</load_address>
         <run_address>0x7a0e</run_address>
         <size>0x13f</size>
         <input_file_ref idref="fl-c3"/>
      </object_component>
      <object_component id="oc-3a">
         <name>.debug_info</name>
         <load_address>0x7b4d</load_address>
         <run_address>0x7b4d</run_address>
         <size>0x111</size>
         <input_file_ref idref="fl-c4"/>
      </object_component>
      <object_component id="oc-15c">
         <name>.debug_info</name>
         <load_address>0x7c5e</load_address>
         <run_address>0x7c5e</run_address>
         <size>0x547</size>
         <input_file_ref idref="fl-c5"/>
      </object_component>
      <object_component id="oc-ea">
         <name>.debug_info</name>
         <load_address>0x81a5</load_address>
         <run_address>0x81a5</run_address>
         <size>0x19b</size>
         <input_file_ref idref="fl-c5"/>
      </object_component>
      <object_component id="oc-1e9">
         <name>.debug_info</name>
         <load_address>0x8340</load_address>
         <run_address>0x8340</run_address>
         <size>0x39</size>
         <input_file_ref idref="fl-c5"/>
      </object_component>
      <object_component id="oc-29a">
         <name>.debug_info</name>
         <load_address>0x8379</load_address>
         <run_address>0x8379</run_address>
         <size>0x39</size>
         <input_file_ref idref="fl-c5"/>
      </object_component>
      <object_component id="oc-1ee">
         <name>.debug_info</name>
         <load_address>0x83b2</load_address>
         <run_address>0x83b2</run_address>
         <size>0x39</size>
         <input_file_ref idref="fl-c5"/>
      </object_component>
      <object_component id="oc-1f3">
         <name>.debug_info</name>
         <load_address>0x83eb</load_address>
         <run_address>0x83eb</run_address>
         <size>0xcd</size>
         <input_file_ref idref="fl-c5"/>
      </object_component>
      <object_component id="oc-92">
         <name>.debug_info</name>
         <load_address>0x84b8</load_address>
         <run_address>0x84b8</run_address>
         <size>0x148</size>
         <input_file_ref idref="fl-c6"/>
      </object_component>
      <object_component id="oc-159">
         <name>.debug_info</name>
         <load_address>0x8600</load_address>
         <run_address>0x8600</run_address>
         <size>0x3a2</size>
         <input_file_ref idref="fl-c8"/>
      </object_component>
      <object_component id="oc-156">
         <name>.debug_info</name>
         <load_address>0x89a2</load_address>
         <run_address>0x89a2</run_address>
         <size>0x185</size>
         <input_file_ref idref="fl-c8"/>
      </object_component>
      <object_component id="oc-e1">
         <name>.debug_info</name>
         <load_address>0x8b27</load_address>
         <run_address>0x8b27</run_address>
         <size>0x117</size>
         <input_file_ref idref="fl-c8"/>
      </object_component>
      <object_component id="oc-e5">
         <name>.debug_info</name>
         <load_address>0x8c3e</load_address>
         <run_address>0x8c3e</run_address>
         <size>0x179</size>
         <input_file_ref idref="fl-c8"/>
      </object_component>
      <object_component id="oc-1c8">
         <name>.debug_info</name>
         <load_address>0x8db7</load_address>
         <run_address>0x8db7</run_address>
         <size>0x2be</size>
         <input_file_ref idref="fl-c9"/>
      </object_component>
      <object_component id="oc-130">
         <name>.debug_info</name>
         <load_address>0x9075</load_address>
         <run_address>0x9075</run_address>
         <size>0x113</size>
         <input_file_ref idref="fl-c9"/>
      </object_component>
      <object_component id="oc-1c3">
         <name>.debug_info</name>
         <load_address>0x9188</load_address>
         <run_address>0x9188</run_address>
         <size>0x123</size>
         <input_file_ref idref="fl-c9"/>
      </object_component>
      <object_component id="oc-1b5">
         <name>.debug_info</name>
         <load_address>0x92ab</load_address>
         <run_address>0x92ab</run_address>
         <size>0x8a6</size>
         <input_file_ref idref="fl-ca"/>
      </object_component>
      <object_component id="oc-183">
         <name>.debug_info</name>
         <load_address>0x9b51</load_address>
         <run_address>0x9b51</run_address>
         <size>0x213</size>
         <input_file_ref idref="fl-ca"/>
      </object_component>
      <object_component id="oc-230">
         <name>.debug_info</name>
         <load_address>0x9d64</load_address>
         <run_address>0x9d64</run_address>
         <size>0x1a8</size>
         <input_file_ref idref="fl-ca"/>
      </object_component>
      <object_component id="oc-236">
         <name>.debug_info</name>
         <load_address>0x9f0c</load_address>
         <run_address>0x9f0c</run_address>
         <size>0x210</size>
         <input_file_ref idref="fl-ca"/>
      </object_component>
      <object_component id="oc-18d">
         <name>.debug_info</name>
         <load_address>0xa11c</load_address>
         <run_address>0xa11c</run_address>
         <size>0x3b0</size>
         <input_file_ref idref="fl-ca"/>
      </object_component>
      <object_component id="oc-23c">
         <name>.debug_info</name>
         <load_address>0xa4cc</load_address>
         <run_address>0xa4cc</run_address>
         <size>0x2fa</size>
         <input_file_ref idref="fl-ca"/>
      </object_component>
      <object_component id="oc-242">
         <name>.debug_info</name>
         <load_address>0xa7c6</load_address>
         <run_address>0xa7c6</run_address>
         <size>0x20a</size>
         <input_file_ref idref="fl-ca"/>
      </object_component>
      <object_component id="oc-193">
         <name>.debug_info</name>
         <load_address>0xa9d0</load_address>
         <run_address>0xa9d0</run_address>
         <size>0x20a</size>
         <input_file_ref idref="fl-ca"/>
      </object_component>
      <object_component id="oc-199">
         <name>.debug_info</name>
         <load_address>0xabda</load_address>
         <run_address>0xabda</run_address>
         <size>0x2f9</size>
         <input_file_ref idref="fl-ca"/>
      </object_component>
      <object_component id="oc-19f">
         <name>.debug_info</name>
         <load_address>0xaed3</load_address>
         <run_address>0xaed3</run_address>
         <size>0x4a5</size>
         <input_file_ref idref="fl-ca"/>
      </object_component>
      <object_component id="oc-12c">
         <name>.debug_info</name>
         <load_address>0xb378</load_address>
         <run_address>0xb378</run_address>
         <size>0x5cd</size>
         <input_file_ref idref="fl-ca"/>
      </object_component>
      <object_component id="oc-1b6">
         <name>.debug_info</name>
         <load_address>0xb945</load_address>
         <run_address>0xb945</run_address>
         <size>0x86</size>
         <input_file_ref idref="fl-ca"/>
      </object_component>
      <object_component id="oc-26f">
         <name>.debug_info</name>
         <load_address>0xb9cb</load_address>
         <run_address>0xb9cb</run_address>
         <size>0x39</size>
         <input_file_ref idref="fl-ca"/>
      </object_component>
      <object_component id="oc-2dd">
         <name>.debug_info</name>
         <load_address>0xba04</load_address>
         <run_address>0xba04</run_address>
         <size>0xb6</size>
         <input_file_ref idref="fl-ca"/>
      </object_component>
      <object_component id="oc-274">
         <name>.debug_info</name>
         <load_address>0xbaba</load_address>
         <run_address>0xbaba</run_address>
         <size>0x46</size>
         <input_file_ref idref="fl-ca"/>
      </object_component>
      <object_component id="oc-1bb">
         <name>.debug_info</name>
         <load_address>0xbb00</load_address>
         <run_address>0xbb00</run_address>
         <size>0x46</size>
         <input_file_ref idref="fl-ca"/>
      </object_component>
      <object_component id="oc-26a">
         <name>.debug_info</name>
         <load_address>0xbb46</load_address>
         <run_address>0xbb46</run_address>
         <size>0x2c</size>
         <input_file_ref idref="fl-ca"/>
      </object_component>
      <object_component id="oc-200">
         <name>.debug_info</name>
         <load_address>0xbb72</load_address>
         <run_address>0xbb72</run_address>
         <size>0x2ae</size>
         <input_file_ref idref="fl-cc"/>
      </object_component>
      <object_component id="oc-17c">
         <name>.debug_info</name>
         <load_address>0xbe20</load_address>
         <run_address>0xbe20</run_address>
         <size>0x171</size>
         <input_file_ref idref="fl-cc"/>
      </object_component>
      <object_component id="oc-2aa">
         <name>.debug_info</name>
         <load_address>0xbf91</load_address>
         <run_address>0xbf91</run_address>
         <size>0xee</size>
         <input_file_ref idref="fl-cd"/>
      </object_component>
      <object_component id="oc-1fd">
         <name>.debug_info</name>
         <load_address>0xc07f</load_address>
         <run_address>0xc07f</run_address>
         <size>0xfa</size>
         <input_file_ref idref="fl-cd"/>
      </object_component>
      <object_component id="oc-1cc">
         <name>.debug_info</name>
         <load_address>0xc179</load_address>
         <run_address>0xc179</run_address>
         <size>0x139</size>
         <input_file_ref idref="fl-ce"/>
      </object_component>
      <object_component id="oc-133">
         <name>.debug_info</name>
         <load_address>0xc2b2</load_address>
         <run_address>0xc2b2</run_address>
         <size>0xf7</size>
         <input_file_ref idref="fl-ce"/>
      </object_component>
      <object_component id="oc-368">
         <name>.debug_info</name>
         <load_address>0xc3a9</load_address>
         <run_address>0xc3a9</run_address>
         <size>0x184</size>
         <input_file_ref idref="fl-ce"/>
      </object_component>
      <object_component id="oc-299">
         <name>.debug_info</name>
         <load_address>0xc52d</load_address>
         <run_address>0xc52d</run_address>
         <size>0x378</size>
         <input_file_ref idref="fl-cf"/>
      </object_component>
      <object_component id="oc-1d6">
         <name>.debug_info</name>
         <load_address>0xc8a5</load_address>
         <run_address>0xc8a5</run_address>
         <size>0x1df</size>
         <input_file_ref idref="fl-cf"/>
      </object_component>
      <object_component id="oc-297">
         <name>.debug_info</name>
         <load_address>0xca84</load_address>
         <run_address>0xca84</run_address>
         <size>0x3f1</size>
         <input_file_ref idref="fl-d0"/>
      </object_component>
      <object_component id="oc-1cf">
         <name>.debug_info</name>
         <load_address>0xce75</load_address>
         <run_address>0xce75</run_address>
         <size>0x2d7</size>
         <input_file_ref idref="fl-d0"/>
      </object_component>
      <object_component id="oc-2b8">
         <name>.debug_info</name>
         <load_address>0xd14c</load_address>
         <run_address>0xd14c</run_address>
         <size>0x290</size>
         <input_file_ref idref="fl-d1"/>
      </object_component>
      <object_component id="oc-21d">
         <name>.debug_info</name>
         <load_address>0xd3dc</load_address>
         <run_address>0xd3dc</run_address>
         <size>0x1c2</size>
         <input_file_ref idref="fl-d1"/>
      </object_component>
      <object_component id="oc-25b">
         <name>.debug_info</name>
         <load_address>0xd59e</load_address>
         <run_address>0xd59e</run_address>
         <size>0x28b</size>
         <input_file_ref idref="fl-d2"/>
      </object_component>
      <object_component id="oc-1a6">
         <name>.debug_info</name>
         <load_address>0xd829</load_address>
         <run_address>0xd829</run_address>
         <size>0x1ab</size>
         <input_file_ref idref="fl-d2"/>
      </object_component>
      <object_component id="oc-2f1">
         <name>.debug_info</name>
         <load_address>0xd9d4</load_address>
         <run_address>0xd9d4</run_address>
         <size>0x29a</size>
         <input_file_ref idref="fl-d3"/>
      </object_component>
      <object_component id="oc-288">
         <name>.debug_info</name>
         <load_address>0xdc6e</load_address>
         <run_address>0xdc6e</run_address>
         <size>0x242</size>
         <input_file_ref idref="fl-d3"/>
      </object_component>
      <object_component id="oc-2cf">
         <name>.debug_info</name>
         <load_address>0xdeb0</load_address>
         <run_address>0xdeb0</run_address>
         <size>0x28f</size>
         <input_file_ref idref="fl-d4"/>
      </object_component>
      <object_component id="oc-254">
         <name>.debug_info</name>
         <load_address>0xe13f</load_address>
         <run_address>0xe13f</run_address>
         <size>0x247</size>
         <input_file_ref idref="fl-d4"/>
      </object_component>
      <object_component id="oc-1fb">
         <name>.debug_info</name>
         <load_address>0xe386</load_address>
         <run_address>0xe386</run_address>
         <size>0x284</size>
         <input_file_ref idref="fl-d5"/>
      </object_component>
      <object_component id="oc-174">
         <name>.debug_info</name>
         <load_address>0xe60a</load_address>
         <run_address>0xe60a</run_address>
         <size>0x22a</size>
         <input_file_ref idref="fl-d5"/>
      </object_component>
      <object_component id="oc-2f8">
         <name>.debug_info</name>
         <load_address>0xe834</load_address>
         <run_address>0xe834</run_address>
         <size>0x4c5</size>
         <input_file_ref idref="fl-d6"/>
      </object_component>
      <object_component id="oc-336">
         <name>.debug_info</name>
         <load_address>0xecf9</load_address>
         <run_address>0xecf9</run_address>
         <size>0xf8</size>
         <input_file_ref idref="fl-d6"/>
      </object_component>
      <object_component id="oc-2f5">
         <name>.debug_info</name>
         <load_address>0xedf1</load_address>
         <run_address>0xedf1</run_address>
         <size>0xf8</size>
         <input_file_ref idref="fl-d6"/>
      </object_component>
      <object_component id="oc-292">
         <name>.debug_info</name>
         <load_address>0xeee9</load_address>
         <run_address>0xeee9</run_address>
         <size>0x184</size>
         <input_file_ref idref="fl-d6"/>
      </object_component>
      <object_component id="oc-33c">
         <name>.debug_info</name>
         <load_address>0xf06d</load_address>
         <run_address>0xf06d</run_address>
         <size>0x120</size>
         <input_file_ref idref="fl-d6"/>
      </object_component>
      <object_component id="oc-341">
         <name>.debug_info</name>
         <load_address>0xf18d</load_address>
         <run_address>0xf18d</run_address>
         <size>0x2c</size>
         <input_file_ref idref="fl-d6"/>
      </object_component>
      <object_component id="oc-267">
         <name>.debug_info</name>
         <load_address>0xf1b9</load_address>
         <run_address>0xf1b9</run_address>
         <size>0x27e</size>
         <input_file_ref idref="fl-d7"/>
      </object_component>
      <object_component id="oc-264">
         <name>.debug_info</name>
         <load_address>0xf437</load_address>
         <run_address>0xf437</run_address>
         <size>0x103</size>
         <input_file_ref idref="fl-d7"/>
      </object_component>
      <object_component id="oc-1af">
         <name>.debug_info</name>
         <load_address>0xf53a</load_address>
         <run_address>0xf53a</run_address>
         <size>0x143</size>
         <input_file_ref idref="fl-d7"/>
      </object_component>
      <object_component id="oc-2c0">
         <name>.debug_info</name>
         <load_address>0xf67d</load_address>
         <run_address>0xf67d</run_address>
         <size>0x28f</size>
         <input_file_ref idref="fl-d8"/>
      </object_component>
      <object_component id="oc-248">
         <name>.debug_info</name>
         <load_address>0xf90c</load_address>
         <run_address>0xf90c</run_address>
         <size>0x18a</size>
         <input_file_ref idref="fl-d8"/>
      </object_component>
      <object_component id="oc-304">
         <name>.debug_info</name>
         <load_address>0xfa96</load_address>
         <run_address>0xfa96</run_address>
         <size>0x39</size>
         <input_file_ref idref="fl-d8"/>
      </object_component>
      <object_component id="oc-2c1">
         <name>.debug_info</name>
         <load_address>0xfacf</load_address>
         <run_address>0xfacf</run_address>
         <size>0x2c</size>
         <input_file_ref idref="fl-d8"/>
      </object_component>
      <object_component id="oc-2cd">
         <name>.debug_info</name>
         <load_address>0xfafb</load_address>
         <run_address>0xfafb</run_address>
         <size>0x2f2</size>
         <input_file_ref idref="fl-d9"/>
      </object_component>
      <object_component id="oc-24e">
         <name>.debug_info</name>
         <load_address>0xfded</load_address>
         <run_address>0xfded</run_address>
         <size>0x21a</size>
         <input_file_ref idref="fl-d9"/>
      </object_component>
      <object_component id="oc-262">
         <name>.debug_info</name>
         <load_address>0x10007</load_address>
         <run_address>0x10007</run_address>
         <size>0x284</size>
         <input_file_ref idref="fl-da"/>
      </object_component>
      <object_component id="oc-1a9">
         <name>.debug_info</name>
         <load_address>0x1028b</load_address>
         <run_address>0x1028b</run_address>
         <size>0x14f</size>
         <input_file_ref idref="fl-da"/>
      </object_component>
      <object_component id="oc-2d2">
         <name>.debug_info</name>
         <load_address>0x103da</load_address>
         <run_address>0x103da</run_address>
         <size>0x46</size>
         <input_file_ref idref="fl-da"/>
      </object_component>
      <object_component id="oc-25d">
         <name>.debug_info</name>
         <load_address>0x10420</load_address>
         <run_address>0x10420</run_address>
         <size>0x39</size>
         <input_file_ref idref="fl-da"/>
      </object_component>
      <object_component id="oc-2c7">
         <name>.debug_info</name>
         <load_address>0x10459</load_address>
         <run_address>0x10459</run_address>
         <size>0x156</size>
         <input_file_ref idref="fl-db"/>
      </object_component>
      <object_component id="oc-202">
         <name>.debug_info</name>
         <load_address>0x105af</load_address>
         <run_address>0x105af</run_address>
         <size>0x12c</size>
         <input_file_ref idref="fl-dc"/>
      </object_component>
      <object_component id="oc-228">
         <name>.debug_info</name>
         <load_address>0x106db</load_address>
         <run_address>0x106db</run_address>
         <size>0x144</size>
         <input_file_ref idref="fl-dd"/>
      </object_component>
      <object_component id="oc-186">
         <name>.debug_info</name>
         <load_address>0x1081f</load_address>
         <run_address>0x1081f</run_address>
         <size>0x120</size>
         <input_file_ref idref="fl-de"/>
      </object_component>
      <object_component id="oc-213">
         <name>.debug_info</name>
         <load_address>0x1093f</load_address>
         <run_address>0x1093f</run_address>
         <size>0x122</size>
         <input_file_ref idref="fl-de"/>
      </object_component>
      <object_component id="oc-210">
         <name>.debug_info</name>
         <load_address>0x10a61</load_address>
         <run_address>0x10a61</run_address>
         <size>0x132</size>
         <input_file_ref idref="fl-df"/>
      </object_component>
      <object_component id="oc-20b">
         <name>.debug_info</name>
         <load_address>0x10b93</load_address>
         <run_address>0x10b93</run_address>
         <size>0x132</size>
         <input_file_ref idref="fl-e0"/>
      </object_component>
      <object_component id="oc-219">
         <name>.debug_info</name>
         <load_address>0x10cc5</load_address>
         <run_address>0x10cc5</run_address>
         <size>0x126</size>
         <input_file_ref idref="fl-e1"/>
      </object_component>
      <object_component id="oc-225">
         <name>.debug_info</name>
         <load_address>0x10deb</load_address>
         <run_address>0x10deb</run_address>
         <size>0x124</size>
         <input_file_ref idref="fl-e2"/>
      </object_component>
      <object_component id="oc-2ef">
         <name>.debug_info</name>
         <load_address>0x10f0f</load_address>
         <run_address>0x10f0f</run_address>
         <size>0x2f5</size>
         <input_file_ref idref="fl-e3"/>
      </object_component>
      <object_component id="oc-281">
         <name>.debug_info</name>
         <load_address>0x11204</load_address>
         <run_address>0x11204</run_address>
         <size>0x191</size>
         <input_file_ref idref="fl-e3"/>
      </object_component>
      <object_component id="oc-32a">
         <name>.debug_info</name>
         <load_address>0x11395</load_address>
         <run_address>0x11395</run_address>
         <size>0xbf</size>
         <input_file_ref idref="fl-e3"/>
      </object_component>
      <object_component id="oc-2f3">
         <name>.debug_info</name>
         <load_address>0x11454</load_address>
         <run_address>0x11454</run_address>
         <size>0x33c</size>
         <input_file_ref idref="fl-e4"/>
      </object_component>
      <object_component id="oc-28c">
         <name>.debug_info</name>
         <load_address>0x11790</load_address>
         <run_address>0x11790</run_address>
         <size>0x17f</size>
         <input_file_ref idref="fl-e4"/>
      </object_component>
      <object_component id="oc-315">
         <name>.debug_info</name>
         <load_address>0x1190f</load_address>
         <run_address>0x1190f</run_address>
         <size>0x319</size>
         <input_file_ref idref="fl-e5"/>
      </object_component>
      <object_component id="oc-2e3">
         <name>.debug_info</name>
         <load_address>0x11c28</load_address>
         <run_address>0x11c28</run_address>
         <size>0x1e1</size>
         <input_file_ref idref="fl-e5"/>
      </object_component>
      <object_component id="oc-347">
         <name>.debug_info</name>
         <load_address>0x11e09</load_address>
         <run_address>0x11e09</run_address>
         <size>0x38c</size>
         <input_file_ref idref="fl-e6"/>
      </object_component>
      <object_component id="oc-30f">
         <name>.debug_info</name>
         <load_address>0x12195</load_address>
         <run_address>0x12195</run_address>
         <size>0x18a</size>
         <input_file_ref idref="fl-e6"/>
      </object_component>
      <object_component id="oc-329">
         <name>.debug_info</name>
         <load_address>0x1231f</load_address>
         <run_address>0x1231f</run_address>
         <size>0x369</size>
         <input_file_ref idref="fl-e7"/>
      </object_component>
      <object_component id="oc-2e9">
         <name>.debug_info</name>
         <load_address>0x12688</load_address>
         <run_address>0x12688</run_address>
         <size>0x200</size>
         <input_file_ref idref="fl-e7"/>
      </object_component>
      <object_component id="oc-3c2">
         <name>.debug_info</name>
         <load_address>0x12888</load_address>
         <run_address>0x12888</run_address>
         <size>0x368</size>
         <input_file_ref idref="fl-e8"/>
      </object_component>
      <object_component id="oc-377">
         <name>.debug_info</name>
         <load_address>0x12bf0</load_address>
         <run_address>0x12bf0</run_address>
         <size>0x1b1</size>
         <input_file_ref idref="fl-e8"/>
      </object_component>
      <object_component id="oc-3c8">
         <name>.debug_info</name>
         <load_address>0x12da1</load_address>
         <run_address>0x12da1</run_address>
         <size>0x36d</size>
         <input_file_ref idref="fl-e9"/>
      </object_component>
      <object_component id="oc-387">
         <name>.debug_info</name>
         <load_address>0x1310e</load_address>
         <run_address>0x1310e</run_address>
         <size>0x205</size>
         <input_file_ref idref="fl-e9"/>
      </object_component>
      <object_component id="oc-3be">
         <name>.debug_info</name>
         <load_address>0x13313</load_address>
         <run_address>0x13313</run_address>
         <size>0x398</size>
         <input_file_ref idref="fl-ea"/>
      </object_component>
      <object_component id="oc-36e">
         <name>.debug_info</name>
         <load_address>0x136ab</load_address>
         <run_address>0x136ab</run_address>
         <size>0x201</size>
         <input_file_ref idref="fl-ea"/>
      </object_component>
      <object_component id="oc-3c4">
         <name>.debug_info</name>
         <load_address>0x138ac</load_address>
         <run_address>0x138ac</run_address>
         <size>0x36c</size>
         <input_file_ref idref="fl-eb"/>
      </object_component>
      <object_component id="oc-37b">
         <name>.debug_info</name>
         <load_address>0x13c18</load_address>
         <run_address>0x13c18</run_address>
         <size>0x1f0</size>
         <input_file_ref idref="fl-eb"/>
      </object_component>
      <object_component id="oc-3d2">
         <name>.debug_info</name>
         <load_address>0x13e08</load_address>
         <run_address>0x13e08</run_address>
         <size>0x3ca</size>
         <input_file_ref idref="fl-ec"/>
      </object_component>
      <object_component id="oc-393">
         <name>.debug_info</name>
         <load_address>0x141d2</load_address>
         <run_address>0x141d2</run_address>
         <size>0x22b</size>
         <input_file_ref idref="fl-ec"/>
      </object_component>
      <object_component id="oc-3ca">
         <name>.debug_info</name>
         <load_address>0x143fd</load_address>
         <run_address>0x143fd</run_address>
         <size>0x38b</size>
         <input_file_ref idref="fl-ed"/>
      </object_component>
      <object_component id="oc-38f">
         <name>.debug_info</name>
         <load_address>0x14788</load_address>
         <run_address>0x14788</run_address>
         <size>0x1bb</size>
         <input_file_ref idref="fl-ed"/>
      </object_component>
      <object_component id="oc-3c6">
         <name>.debug_info</name>
         <load_address>0x14943</load_address>
         <run_address>0x14943</run_address>
         <size>0x36d</size>
         <input_file_ref idref="fl-ee"/>
      </object_component>
      <object_component id="oc-382">
         <name>.debug_info</name>
         <load_address>0x14cb0</load_address>
         <run_address>0x14cb0</run_address>
         <size>0x1f5</size>
         <input_file_ref idref="fl-ee"/>
      </object_component>
      <object_component id="oc-3e3">
         <name>.debug_info</name>
         <load_address>0x14ea5</load_address>
         <run_address>0x14ea5</run_address>
         <size>0x2b0</size>
         <input_file_ref idref="fl-ef"/>
      </object_component>
      <object_component id="oc-3e0">
         <name>.debug_info</name>
         <load_address>0x15155</load_address>
         <run_address>0x15155</run_address>
         <size>0xfd</size>
         <input_file_ref idref="fl-ef"/>
      </object_component>
      <object_component id="oc-3b3">
         <name>.debug_info</name>
         <load_address>0x15252</load_address>
         <run_address>0x15252</run_address>
         <size>0x1d4</size>
         <input_file_ref idref="fl-ef"/>
      </object_component>
      <object_component id="oc-3b8">
         <name>.debug_info</name>
         <load_address>0x15426</load_address>
         <run_address>0x15426</run_address>
         <size>0x18f</size>
         <input_file_ref idref="fl-ef"/>
      </object_component>
      <object_component id="oc-2ae">
         <name>.debug_info</name>
         <load_address>0x155b5</load_address>
         <run_address>0x155b5</run_address>
         <size>0x10d</size>
         <input_file_ref idref="fl-f0"/>
      </object_component>
      <object_component id="oc-74">
         <name>.debug_info</name>
         <load_address>0x156c2</load_address>
         <run_address>0x156c2</run_address>
         <size>0x3bb</size>
[...]
         <value>0x21c1</value>
         <object_component_ref idref="oc-8b"/>
      </symbol>
      <symbol id="sm-187">
         <name>__aeabi_memclr</name>
         <value>0x21c1</value>
         <object_component_ref idref="oc-8b"/>
      </symbol>
      <symbol id="sm-1a2">
         <name>memcpy</name>
         <value>0x1ef7</value>
         <object_component_ref idref="oc-37"/>
      </symbol>
      <symbol id="sm-1a3">
         <name>__aeabi_memcpy</name>
         <value>0x1ef7</value>
         <object_component_ref idref="oc-37"/>
      </symbol>
      <symbol id="sm-1a4">
         <name>__aeabi_memcpy8</name>
         <value>0x1ef7</value>
         <object_component_ref idref="oc-37"/>
      </symbol>
      <symbol id="sm-1a5">
         <name>__aeabi_memcpy4</name>
         <value>0x1ef7</value>
         <object_component_ref idref="oc-37"/>
      </symbol>
      <symbol id="sm-1cd">
         <name>__TI_auto_init_nobinit_nopinit</name>
         <value>0x2a7d</value>
         <object_component_ref idref="oc-e9"/>
      </symbol>
      <symbol id="sm-1d7">
         <name>_system_pre_init</name>
         <value>0x2ec5</value>
         <object_component_ref idref="oc-91"/>
      </symbol>
      <symbol id="sm-1fe">
         <name>C$$EXIT</name>
         <value>0x2ec9</value>
         <object_component_ref idref="oc-dd"/>
      </symbol>
      <symbol id="sm-1ff">
         <name>abort</name>
         <value>0x2ec9</value>
         <object_component_ref idref="oc-dd"/>
      </symbol>
      <symbol id="sm-200">
         <name>__TI_dtors_ptr</name>
         <value>0x200005cc</value>
         <object_component_ref idref="oc-155"/>
      </symbol>
      <symbol id="sm-201">
         <name>__TI_cleanup_ptr</name>
         <value>0x200005c8</value>
         <object_component_ref idref="oc-155"/>
      </symbol>
      <symbol id="sm-202">
         <name>__TI_enable_exit_profile_output</name>
         <value>0x200005d0</value>
         <object_component_ref idref="oc-155"/>
      </symbol>
      <symbol id="sm-203">
         <name>exit</name>
         <value>0x2965</value>
         <object_component_ref idref="oc-e3"/>
      </symbol>
      <symbol id="sm-218">
         <name>_nop</name>
         <value>0xb43</value>
         <object_component_ref idref="oc-1c0"/>
      </symbol>
      <symbol id="sm-219">
         <name>_lock</name>
         <value>0x200005e0</value>
         <object_component_ref idref="oc-12f"/>
      </symbol>
      <symbol id="sm-21a">
         <name>_unlock</name>
         <value>0x200005e4</value>
         <object_component_ref idref="oc-12f"/>
      </symbol>
      <symbol id="sm-384">
         <name>__TI_printfi</name>
         <value>0xe5</value>
         <object_component_ref idref="oc-129"/>
      </symbol>
      <symbol id="sm-39b">
         <name>atoi</name>
         <value>0x2919</value>
         <object_component_ref idref="oc-179"/>
      </symbol>
      <symbol id="sm-3a6">
         <name>_ctypes_</name>
         <value>0x2ecc</value>
         <object_component_ref idref="oc-1fc"/>
      </symbol>
      <symbol id="sm-3bb">
         <name>__TI_tmpnams</name>
         <value>0x20000710</value>
      </symbol>
      <symbol id="sm-3bc">
         <name>__aeabi_stdout</name>
         <value>0x200005c0</value>
         <object_component_ref idref="oc-367"/>
      </symbol>
      <symbol id="sm-3bd">
         <name>__aeabi_stderr</name>
         <value>0x200005c4</value>
         <object_component_ref idref="oc-367"/>
      </symbol>
      <symbol id="sm-3be">
         <name>__aeabi_stdin</name>
         <value>0x200005bc</value>
         <object_component_ref idref="oc-367"/>
      </symbol>
      <symbol id="sm-3bf">
         <name>_ftable</name>
         <value>0x20000400</value>
         <object_component_ref idref="oc-132"/>
      </symbol>
      <symbol id="sm-3c0">
         <name>__TI_ft_end</name>
         <value>0x200005b8</value>
         <object_component_ref idref="oc-367"/>
      </symbol>
      <symbol id="sm-3d5">
         <name>putc</name>
         <value>0x2029</value>
         <object_component_ref idref="oc-1d5"/>
      </symbol>
      <symbol id="sm-3d6">
         <name>fputc</name>
         <value>0x2029</value>
         <object_component_ref idref="oc-1d5"/>
      </symbol>
      <symbol id="sm-3f4">
         <name>fputs</name>
         <value>0x1971</value>
         <object_component_ref idref="oc-1ce"/>
      </symbol>
      <symbol id="sm-403">
         <name>ltoa</name>
         <value>0x2827</value>
         <object_component_ref idref="oc-21c"/>
      </symbol>
      <symbol id="sm-413">
         <name>memccpy</name>
         <value>0x2ded</value>
         <object_component_ref idref="oc-1a2"/>
      </symbol>
      <symbol id="sm-423">
         <name>memchr</name>
         <value>0x2dcd</value>
         <object_component_ref idref="oc-284"/>
      </symbol>
      <symbol id="sm-433">
         <name>strchr</name>
         <value>0x2e21</value>
         <object_component_ref idref="oc-253"/>
      </symbol>
      <symbol id="sm-441">
         <name>strlen</name>
         <value>0x2e5f</value>
         <object_component_ref idref="oc-173"/>
      </symbol>
      <symbol id="sm-467">
         <name>_stream</name>
         <value>0x20000568</value>
         <object_component_ref idref="oc-2f4"/>
      </symbol>
      <symbol id="sm-468">
         <name>_device</name>
         <value>0x200004f0</value>
         <object_component_ref idref="oc-335"/>
      </symbol>
      <symbol id="sm-469">
         <name>write</name>
         <value>0x2da5</value>
         <object_component_ref idref="oc-290"/>
      </symbol>
      <symbol id="sm-47f">
         <name>__aeabi_errno_addr</name>
         <value>0x2eb5</value>
         <object_component_ref idref="oc-1ae"/>
      </symbol>
      <symbol id="sm-480">
         <name>errno</name>
         <value>0x200005e8</value>
         <object_component_ref idref="oc-263"/>
      </symbol>
      <symbol id="sm-4a0">
         <name>frexpl</name>
         <value>0x2539</value>
         <object_component_ref idref="oc-247"/>
      </symbol>
      <symbol id="sm-4a1">
         <name>frexp</name>
         <value>0x2539</value>
         <object_component_ref idref="oc-247"/>
      </symbol>
      <symbol id="sm-4be">
         <name>scalbn</name>
         <value>0x1a85</value>
         <object_component_ref idref="oc-24d"/>
      </symbol>
      <symbol id="sm-4bf">
         <name>scalbnl</name>
         <value>0x1a85</value>
         <object_component_ref idref="oc-24d"/>
      </symbol>
      <symbol id="sm-4c0">
         <name>ldexpl</name>
         <value>0x1a85</value>
         <object_component_ref idref="oc-24d"/>
      </symbol>
      <symbol id="sm-4c1">
         <name>ldexp</name>
         <value>0x1a85</value>
         <object_component_ref idref="oc-24d"/>
      </symbol>
      <symbol id="sm-4da">
         <name>wcslen</name>
         <value>0x2e85</value>
         <object_component_ref idref="oc-1a8"/>
      </symbol>
      <symbol id="sm-4e4">
         <name>copysign</name>
         <value>0x2e37</value>
         <object_component_ref idref="oc-2c6"/>
      </symbol>
      <symbol id="sm-4e5">
         <name>copysignl</name>
         <value>0x2e37</value>
         <object_component_ref idref="oc-2c6"/>
      </symbol>
      <symbol id="sm-4f2">
         <name>__aeabi_uldivmod</name>
         <value>0x1f93</value>
         <object_component_ref idref="oc-201"/>
      </symbol>
      <symbol id="sm-509">
         <name>__aeabi_dsub</name>
         <value>0x12b9</value>
         <object_component_ref idref="oc-227"/>
      </symbol>
      <symbol id="sm-50a">
         <name>__aeabi_dadd</name>
         <value>0x12c3</value>
         <object_component_ref idref="oc-227"/>
      </symbol>
      <symbol id="sm-52c">
         <name>__aeabi_cdcmpeq</name>
         <value>0x20b5</value>
         <object_component_ref idref="oc-185"/>
      </symbol>
      <symbol id="sm-52d">
         <name>__aeabi_cdcmple</name>
         <value>0x20b5</value>
         <object_component_ref idref="oc-185"/>
      </symbol>
      <symbol id="sm-52e">
         <name>__aeabi_cdrcmple</name>
         <value>0x213b</value>
         <object_component_ref idref="oc-212"/>
      </symbol>
      <symbol id="sm-542">
         <name>__aeabi_ddiv</name>
         <value>0x1719</value>
         <object_component_ref idref="oc-20d"/>
      </symbol>
      <symbol id="sm-54d">
         <name>__aeabi_dmul</name>
         <value>0x1b95</value>
         <object_component_ref idref="oc-208"/>
      </symbol>
      <symbol id="sm-557">
         <name>__aeabi_d2iz</name>
         <value>0x29ad</value>
         <object_component_ref idref="oc-217"/>
      </symbol>
      <symbol id="sm-561">
         <name>__aeabi_i2d</name>
         <value>0x2cf9</value>
         <object_component_ref idref="oc-222"/>
      </symbol>
      <symbol id="sm-579">
         <name>__TI_wrt_ok</name>
         <value>0x2601</value>
         <object_component_ref idref="oc-27e"/>
      </symbol>
      <symbol id="sm-589">
         <name>__TI_doflush</name>
         <value>0x28cd</value>
         <object_component_ref idref="oc-28a"/>
      </symbol>
      <symbol id="sm-59b">
         <name>fseek</name>
         <value>0x259d</value>
         <object_component_ref idref="oc-2e2"/>
      </symbol>
      <symbol id="sm-5ab">
         <name>lseek</name>
         <value>0x2d55</value>
         <object_component_ref idref="oc-30e"/>
      </symbol>
      <symbol id="sm-5c7">
         <name>setvbuf</name>
         <value>0x1c91</value>
         <object_component_ref idref="oc-2e8"/>
      </symbol>
      <symbol id="sm-5d8">
         <name>HOSTclose</name>
         <value>0x29f5</value>
         <object_component_ref idref="oc-373"/>
      </symbol>
      <symbol id="sm-5e9">
         <name>HOSTlseek</name>
         <value>0x2399</value>
         <object_component_ref idref="oc-385"/>
      </symbol>
      <symbol id="sm-5fb">
         <name>parmbuf</name>
         <value>0x200007d0</value>
      </symbol>
      <symbol id="sm-5fc">
         <name>HOSTopen</name>
         <value>0x2665</value>
         <object_component_ref idref="oc-36d"/>
      </symbol>
      <symbol id="sm-60d">
         <name>HOSTread</name>
         <value>0x2721</value>
         <object_component_ref idref="oc-379"/>
      </symbol>
      <symbol id="sm-61e">
         <name>HOSTrename</name>
         <value>0x2401</value>
         <object_component_ref idref="oc-391"/>
      </symbol>
      <symbol id="sm-62f">
         <name>HOSTunlink</name>
         <value>0x2a39</value>
         <object_component_ref idref="oc-38b"/>
      </symbol>
      <symbol id="sm-640">
         <name>HOSTwrite</name>
         <value>0x2779</value>
         <object_component_ref idref="oc-37f"/>
      </symbol>
      <symbol id="sm-664">
         <name>__TI_readmsg</name>
         <value>0x2c95</value>
         <object_component_ref idref="oc-3b7"/>
      </symbol>
      <symbol id="sm-665">
         <name>C$$IO$$</name>
         <value>0x2baf</value>
         <object_component_ref idref="oc-3b1"/>
      </symbol>
      <symbol id="sm-666">
         <name>__CIOBUF_</name>
         <value>0x200005f0</value>
         <object_component_ref idref="oc-3df"/>
      </symbol>
      <symbol id="sm-667">
         <name>__TI_writemsg</name>
         <value>0x2b81</value>
         <object_component_ref idref="oc-3b1"/>
      </symbol>
      <symbol id="sm-671">
         <name>__aeabi_idiv0</name>
         <value>0x146f</value>
         <object_component_ref idref="oc-2ad"/>
      </symbol>
      <symbol id="sm-672">
         <name>__aeabi_ldiv0</name>
         <value>0x146f</value>
         <object_component_ref idref="oc-2ad"/>
      </symbol>
      <symbol id="sm-6ed">
         <name>_sys_memory</name>
         <value>0x20000000</value>
         <object_component_ref idref="oc-29"/>
      </symbol>
      <symbol id="sm-6ee">
         <name>free</name>
         <value>0x1d6d</value>
         <object_component_ref idref="oc-316"/>
      </symbol>
      <symbol id="sm-6ef">
         <name>malloc</name>
         <value>0x223d</value>
         <object_component_ref idref="oc-31c"/>
      </symbol>
      <symbol id="sm-6f0">
         <name>minit</name>
         <value>0x2bf1</value>
         <object_component_ref idref="oc-34a"/>
      </symbol>
      <symbol id="sm-700">
         <name>__TI_cleanup</name>
         <value>0x2c61</value>
         <object_component_ref idref="oc-322"/>
      </symbol>
      <symbol id="sm-70f">
         <name>strcpy</name>
         <value>0x2e4b</value>
         <object_component_ref idref="oc-3cb"/>
      </symbol>
      <symbol id="sm-724">
         <name>__TI_closefile</name>
         <value>0x22b5</value>
         <object_component_ref idref="oc-361"/>
      </symbol>
      <symbol id="sm-747">
         <name>finddevice</name>
         <value>0x2cc9</value>
         <object_component_ref idref="oc-3fd"/>
      </symbol>
      <symbol id="sm-748">
         <name>getdevice</name>
         <value>0x2ac1</value>
         <object_component_ref idref="oc-3d5"/>
      </symbol>
      <symbol id="sm-758">
         <name>strcmp</name>
         <value>0x2e09</value>
         <object_component_ref idref="oc-414"/>
      </symbol>
      <symbol id="sm-768">
         <name>strncpy</name>
         <value>0x2c29</value>
         <object_component_ref idref="oc-3f7"/>
      </symbol>
      <symbol id="sm-778">
         <name>unlink</name>
         <value>0x2d29</value>
         <object_component_ref idref="oc-3a6"/>
      </symbol>
      <symbol id="sm-78c">
         <name>close</name>
         <value>0x26c5</value>
         <object_component_ref idref="oc-3a0"/>
      </symbol>
      <symbol id="sm-78d">
         <name>__TI_static_base__</name>
         <value>0x0</value>
      </symbol>
      <symbol id="sm-790">
         <name>__mpu_init</name>
         <value>0x0</value>
      </symbol>
      <symbol id="sm-791">
         <name>_system_post_cinit</name>
         <value>0x0</value>
      </symbol>
      <symbol id="sm-792">
         <name>NMI_Handler</name>
         <value>0x2eb1</value>
      </symbol>
      <symbol id="sm-793">
         <name>HardFault_Handler</name>
         <value>0x2eb1</value>
      </symbol>
      <symbol id="sm-794">
         <name>MemManage_Handler</name>
         <value>0x2eb1</value>
      </symbol>
      <symbol id="sm-795">
         <name>BusFault_Handler</name>
         <value>0x2eb1</value>
      </symbol>
      <symbol id="sm-796">
         <name>UsageFault_Handler</name>
         <value>0x2eb1</value>
      </symbol>
      <symbol id="sm-797">
         <name>SVC_Handler</name>
         <value>0x2eb1</value>
      </symbol>
      <symbol id="sm-798">
         <name>DebugMon_Handler</name>
         <value>0x2eb1</value>
      </symbol>
      <symbol id="sm-799">
         <name>PendSV_Handler</name>
         <value>0x2eb1</value>
      </symbol>
      <symbol id="sm-79a">
         <name>SysTick_Handler</name>
         <value>0x2eb1</value>
      </symbol>
      <symbol id="sm-79b">
         <name>PSS_IRQHandler</name>
         <value>0x2eb1</value>
      </symbol>
      <symbol id="sm-79c">
         <name>CS_IRQHandler</name>
         <value>0x2eb1</value>
      </symbol>
      <symbol id="sm-79d">
         <name>PCM_IRQHandler</name>
         <value>0x2eb1</value>
      </symbol>
      <symbol id="sm-79e">
         <name>WDT_A_IRQHandler</name>
         <value>0x2eb1</value>
      </symbol>
      <symbol id="sm-79f">
         <name>FPU_IRQHandler</name>
         <value>0x2eb1</value>
      </symbol>
      <symbol id="sm-7a0">
         <name>FLCTL_IRQHandler</name>
         <value>0x2eb1</value>
      </symbol>
      <symbol id="sm-7a1">
         <name>COMP_E0_IRQHandler</name>
         <value>0x2eb1</value>
      </symbol>
      <symbol id="sm-7a2">
         <name>COMP_E1_IRQHandler</name>
         <value>0x2eb1</value>
      </symbol>
      <symbol id="sm-7a3">
         <name>TA0_0_IRQHandler</name>
         <value>0x2eb1</value>
      </symbol>
      <symbol id="sm-7a4">
         <name>TA0_N_IRQHandler</name>
         <value>0x2eb1</value>
      </symbol>
      <symbol id="sm-7a5">
         <name>TA1_0_IRQHandler</name>
         <value>0x2eb1</value>
      </symbol>
      <symbol id="sm-7a6">
         <name>TA1_N_IRQHandler</name>
         <value>0x2eb1</value>
      </symbol>
      <symbol id="sm-7a7">
         <name>TA2_0_IRQHandler</name>
         <value>0x2eb1</value>
      </symbol>
      <symbol id="sm-7a8">
         <name>TA2_N_IRQHandler</name>
         <value>0x2eb1</value>
      </symbol>
      <symbol id="sm-7a9">
         <name>TA3_0_IRQHandler</name>
         <value>0x2eb1</value>
      </symbol>
      <symbol id="sm-7aa">
         <name>TA3_N_IRQHandler</name>
         <value>0x2eb1</value>
      </symbol>
      <symbol id="sm-7ab">
         <name>EUSCIA0_IRQHandler</name>
         <value>0x2eb1</value>
      </symbol>
      <symbol id="sm-7ac">
         <name>EUSCIA1_IRQHandler</name>
         <value>0x2eb1</value>
      </symbol>
      <symbol id="sm-7ad">
         <name>EUSCIA2_IRQHandler</name>
         <value>0x2eb1</value>
      </symbol>
      <symbol id="sm-7ae">
         <name>EUSCIA3_IRQHandler</name>
         <value>0x2eb1</value>
      </symbol>
      <symbol id="sm-7af">
         <name>EUSCIB0_IRQHandler</name>
         <value>0x2eb1</value>
      </symbol>
      <symbol id="sm-7b0">
         <name>EUSCIB1_IRQHandler</name>
         <value>0x2eb1</value>
      </symbol>
      <symbol id="sm-7b1">
         <name>EUSCIB2_IRQHandler</name>
         <value>0x2eb1</value>
      </symbol>
      <symbol id="sm-7b2">
         <name>EUSCIB3_IRQHandler</name>
         <value>0x2eb1</value>
      </symbol>
      <symbol id="sm-7b3">
         <name>ADC14_IRQHandler</name>
         <value>0x2eb1</value>
      </symbol>
      <symbol id="sm-7b4">
         <name>T32_INT1_IRQHandler</name>
         <value>0x2eb1</value>
      </symbol>
      <symbol id="sm-7b5">
         <name>T32_INT2_IRQHandler</name>
         <value>0x2eb1</value>
      </symbol>
      <symbol id="sm-7b6">
         <name>T32_INTC_IRQHandler</name>
         <value>0x2eb1</value>
      </symbol>
      <symbol id="sm-7b7">
         <name>AES256_IRQHandler</name>
         <value>0x2eb1</value>
      </symbol>
      <symbol id="sm-7b8">
         <name>RTC_C_IRQHandler</name>
         <value>0x2eb1</value>
      </symbol>
      <symbol id="sm-7b9">
         <name>DMA_ERR_IRQHandler</name>
         <value>0x2eb1</value>
      </symbol>
      <symbol id="sm-7ba">
         <name>DMA_INT3_IRQHandler</name>
         <value>0x2eb1</value>
      </symbol>
      <symbol id="sm-7bb">
         <name>DMA_INT2_IRQHandler</name>
         <value>0x2eb1</value>
      </symbol>
      <symbol id="sm-7bc">
         <name>DMA_INT1_IRQHandler</name>
         <value>0x2eb1</value>
      </symbol>
      <symbol id="sm-7bd">
         <name>DMA_INT0_IRQHandler</name>
         <value>0x2eb1</value>
      </symbol>
      <symbol id="sm-7be">
         <name>PORT1_IRQHandler</name>
         <value>0x2eb1</value>
      </symbol>
      <symbol id="sm-7bf">
         <name>PORT2_IRQHandler</name>
         <value>0x2eb1</value>
      </symbol>
      <symbol id="sm-7c0">
         <name>PORT3_IRQHandler</name>
         <value>0x2eb1</value>
      </symbol>
      <symbol id="sm-7c1">
         <name>PORT4_IRQHandler</name>
         <value>0x2eb1</value>
      </symbol>
      <symbol id="sm-7c2">
         <name>PORT5_IRQHandler</name>
         <value>0x2eb1</value>
      </symbol>
      <symbol id="sm-7c3">
         <name>PORT6_IRQHandler</name>
         <value>0x2eb1</value>
      </symbol>
      <symbol id="sm-7c4">
         <name>remove</name>
         <value>0x2d29</value>
      </symbol>
   </symbol_table>
   <title>Link successful</title>
</link_info>
