******************************************************************************
                  TI ARM Linker PC v18.1.3                     
******************************************************************************
>> Linked Thu Oct 11 09:43:21 2018

OUTPUT FILE NAME:   <ecen2440_project1_0.out>
ENTRY POINT SYMBOL: "_c_int00_noargs"  address: 000007ad


MEMORY CONFIGURATION

         name            origin    length      used     unused   attr    fill
----------------------  --------  ---------  --------  --------  ----  --------
  MAIN                  00000000   00040000  0000084a  0003f7b6  R  X
  INFO                  00200000   00004000  00000000  00004000  R  X
  SRAM_CODE             01000000   00010000  00000228  0000fdd8  RW X
  SRAM_DATA             20000000   00010000  00000228  0000fdd8  RW  


SEGMENT ALLOCATION MAP

run origin  load origin   length   init length attrs members
----------  ----------- ---------- ----------- ----- -------
00000000    00000000    00000850   00000850    r-x
  00000000    00000000    000000e4   000000e4    r-- .intvecs
  000000e4    000000e4    00000736   00000736    r-x .text
  00000820    00000820    00000030   00000030    r-- .cinit
20000000    20000000    00000028   00000000    rw-
  20000000    20000000    00000024   00000000    rw- .bss
  20000024    20000024    00000004   00000000    rw- .data
2000fe00    2000fe00    00000200   00000000    rw-
  2000fe00    2000fe00    00000200   00000000    rw- .stack


SECTION ALLOCATION MAP

 output                                  attributes/
section   page    origin      length       input sections
--------  ----  ----------  ----------   ----------------
.intvecs   0    00000000    000000e4     
                  00000000    000000e4     startup_msp432p401r_ccs.obj (.intvecs:retain)

.text      0    000000e4    00000736     
                  000000e4    00000334     system_msp432p401r.obj (.text)
                  00000418    0000024c     main.obj (.text)
                  00000664    0000009c     rtsv7M4_T_le_v4SPD16_eabi.lib : memcpy_t2.asm.obj (.text)
                  00000700    00000068                                   : copy_decompress_lzss.c.obj (.text:decompress:lzss:__TI_decompress_lzss)
                  00000768    00000044                                   : autoinit.c.obj (.text:__TI_auto_init_nobinit_nopinit:__TI_auto_init_nobinit_nopinit)
                  000007ac    00000038                                   : boot_cortex_m.c.obj (.text:_c_int00_noargs:_c_int00_noargs)
                  000007e4    00000012                                   : copy_zero_init.c.obj (.text:decompress:ZI:__TI_zero_init_nomemset:__TI_zero_init_nomemset)
                  000007f6    0000000e                                   : copy_decompress_none.c.obj (.text:decompress:none:__TI_decompress_none)
                  00000804    0000000e     startup_msp432p401r_ccs.obj (.text)
                  00000812    00000004     rtsv7M4_T_le_v4SPD16_eabi.lib : pre_init.c.obj (.text:_system_pre_init)
                  00000816    00000004                                   : exit.c.obj (.text:abort:abort)

.cinit     0    00000820    00000030     
                  00000820    0000000c     (__TI_handler_table)
                  0000082c    00000004     --HOLE-- [fill = 0]
                  00000830    00000008     (.cinit..bss.load) [load image, compression = zero_init]
                  00000838    00000008     (.cinit..data.load) [load image, compression = lzss]
                  00000840    00000010     (__TI_cinit_table)

.init_array 
*          0    00000000    00000000     UNINITIALIZED

.binit     0    00000000    00000000     

.bss       0    20000000    00000024     UNINITIALIZED
                  20000000    00000020     (.common:irct)
                  20000020    00000004     (.common:background)

.data      0    20000024    00000004     UNINITIALIZED
                  20000024    00000004     system_msp432p401r.obj (.data)

.stack     0    2000fe00    00000200     UNINITIALIZED
                  2000fe00    00000004     rtsv7M4_T_le_v4SPD16_eabi.lib : boot_cortex_m.c.obj (.stack)
                  2000fe04    000001fc     --HOLE--

MODULE SUMMARY

       Module                        code   ro data   rw data
       ------                        ----   -------   -------
    .\
       system_msp432p401r.obj        820    0         8      
       main.obj                      588    0         72     
       startup_msp432p401r_ccs.obj   14     228       0      
    +--+-----------------------------+------+---------+---------+
       Total:                        1422   228       80     
                                                             
    D:\Programs\ti\ccsv8\tools\compiler\ti-cgt-arm_18.1.3.LTS\lib\rtsv7M4_T_le_v4SPD16_eabi.lib
       memcpy_t2.asm.obj             156    0         0      
       copy_decompress_lzss.c.obj    104    0         0      
       autoinit.c.obj                68     0         0      
       boot_cortex_m.c.obj           56     0         0      
       copy_zero_init.c.obj          18     0         0      
       copy_decompress_none.c.obj    14     0         0      
       exit.c.obj                    4      0         0      
       pre_init.c.obj                4      0         0      
    +--+-----------------------------+------+---------+---------+
       Total:                        424    0         0      
                                                             
       Stack:                        0      0         1024   
       Linker Generated:             0      44        0      
    +--+-----------------------------+------+---------+---------+
       Grand Total:                  1846   272       1104   


LINKER GENERATED COPY TABLES

__TI_cinit_table @ 00000840 records: 2, size/record: 8, table size: 16
	.bss: load addr=00000830, load size=00000008 bytes, run addr=20000000, run size=00000024 bytes, compression=zero_init
	.data: load addr=00000838, load size=00000008 bytes, run addr=20000024, run size=00000004 bytes, compression=lzss


LINKER GENERATED HANDLER TABLE

__TI_handler_table @ 00000820 records: 3, size/record: 4, table size: 12
	index: 0, handler: __TI_decompress_lzss
	index: 1, handler: __TI_decompress_none
	index: 2, handler: __TI_zero_init


GLOBAL SYMBOLS: SORTED ALPHABETICALLY BY Name 

address   name                          
-------   ----                          
00000811  ADC14_IRQHandler              
00000811  AES256_IRQHandler             
00000811  BusFault_Handler              
00000817  C$$EXIT                       
00000811  COMP_E0_IRQHandler            
00000811  COMP_E1_IRQHandler            
00000811  CS_IRQHandler                 
00000811  DMA_ERR_IRQHandler            
00000811  DMA_INT0_IRQHandler           
00000811  DMA_INT1_IRQHandler           
00000811  DMA_INT2_IRQHandler           
00000811  DMA_INT3_IRQHandler           
00000811  DebugMon_Handler              
00000811  Default_Handler               
00000811  EUSCIA0_IRQHandler            
00000811  EUSCIA1_IRQHandler            
00000811  EUSCIA2_IRQHandler            
00000811  EUSCIA3_IRQHandler            
00000811  EUSCIB0_IRQHandler            
00000811  EUSCIB1_IRQHandler            
00000811  EUSCIB2_IRQHandler            
00000811  EUSCIB3_IRQHandler            
00000811  FLCTL_IRQHandler              
00000811  FPU_IRQHandler                
00000811  HardFault_Handler             
00000811  MemManage_Handler             
00000811  NMI_Handler                   
00000811  PCM_IRQHandler                
00000811  PORT1_IRQHandler              
00000811  PORT2_IRQHandler              
00000811  PORT3_IRQHandler              
00000811  PORT4_IRQHandler              
00000811  PORT5_IRQHandler              
00000811  PORT6_IRQHandler              
00000811  PSS_IRQHandler                
00000811  PendSV_Handler                
00000811  RTC_C_IRQHandler              
00000805  Reset_Handler                 
00000811  SVC_Handler                   
00000811  SysTick_Handler               
20000024  SystemCoreClock               
000000e5  SystemCoreClockUpdate         
0000035d  SystemInit                    
00000811  T32_INT1_IRQHandler           
00000811  T32_INT2_IRQHandler           
00000811  T32_INTC_IRQHandler           
00000811  TA0_0_IRQHandler              
00000811  TA0_N_IRQHandler              
00000811  TA1_0_IRQHandler              
00000811  TA1_N_IRQHandler              
00000811  TA2_0_IRQHandler              
00000811  TA2_N_IRQHandler              
00000811  TA3_0_IRQHandler              
00000811  TA3_N_IRQHandler              
00000811  UsageFault_Handler            
4000480c  WDTCTL_SYM                    
00000811  WDT_A_IRQHandler              
20010000  __STACK_END                   
00000200  __STACK_SIZE                  
00000840  __TI_CINIT_Base               
00000850  __TI_CINIT_Limit              
00000820  __TI_Handler_Table_Base       
0000082c  __TI_Handler_Table_Limit      
00000769  __TI_auto_init_nobinit_nopinit
00000701  __TI_decompress_lzss          
000007f7  __TI_decompress_none          
ffffffff  __TI_pprof_out_hndl           
ffffffff  __TI_prof_data_size           
ffffffff  __TI_prof_data_start          
00000000  __TI_static_base__            
000007e5  __TI_zero_init_nomemset       
00000665  __aeabi_memcpy                
00000665  __aeabi_memcpy4               
00000665  __aeabi_memcpy8               
ffffffff  __binit__                     
ffffffff  __c_args__                    
UNDEFED   __mpu_init                    
2000fe00  __stack                       
000007ad  _c_int00_noargs               
UNDEFED   _system_post_cinit            
00000813  _system_pre_init              
00000817  abort                         
20000020  background                    
ffffffff  binit                         
00000000  interruptVectors              
20000000  irct                          
00000419  main                          
00000665  memcpy                        


GLOBAL SYMBOLS: SORTED BY Symbol Address 

address   name                          
-------   ----                          
00000000  __TI_static_base__            
00000000  interruptVectors              
000000e5  SystemCoreClockUpdate         
00000200  __STACK_SIZE                  
0000035d  SystemInit                    
00000419  main                          
00000665  __aeabi_memcpy                
00000665  __aeabi_memcpy4               
00000665  __aeabi_memcpy8               
00000665  memcpy                        
00000701  __TI_decompress_lzss          
00000769  __TI_auto_init_nobinit_nopinit
000007ad  _c_int00_noargs               
000007e5  __TI_zero_init_nomemset       
000007f7  __TI_decompress_none          
00000805  Reset_Handler                 
00000811  ADC14_IRQHandler              
00000811  AES256_IRQHandler             
00000811  BusFault_Handler              
00000811  COMP_E0_IRQHandler            
00000811  COMP_E1_IRQHandler            
00000811  CS_IRQHandler                 
00000811  DMA_ERR_IRQHandler            
00000811  DMA_INT0_IRQHandler           
00000811  DMA_INT1_IRQHandler           
00000811  DMA_INT2_IRQHandler           
00000811  DMA_INT3_IRQHandler           
00000811  DebugMon_Handler              
00000811  Default_Handler               
00000811  EUSCIA0_IRQHandler            
00000811  EUSCIA1_IRQHandler            
00000811  EUSCIA2_IRQHandler            
00000811  EUSCIA3_IRQHandler            
00000811  EUSCIB0_IRQHandler            
00000811  EUSCIB1_IRQHandler            
00000811  EUSCIB2_IRQHandler            
00000811  EUSCIB3_IRQHandler            
00000811  FLCTL_IRQHandler              
00000811  FPU_IRQHandler                
00000811  HardFault_Handler             
00000811  MemManage_Handler             
00000811  NMI_Handler                   
00000811  PCM_IRQHandler                
00000811  PORT1_IRQHandler              
00000811  PORT2_IRQHandler              
00000811  PORT3_IRQHandler              
00000811  PORT4_IRQHandler              
00000811  PORT5_IRQHandler              
00000811  PORT6_IRQHandler              
00000811  PSS_IRQHandler                
00000811  PendSV_Handler                
00000811  RTC_C_IRQHandler              
00000811  SVC_Handler                   
00000811  SysTick_Handler               
00000811  T32_INT1_IRQHandler           
00000811  T32_INT2_IRQHandler           
00000811  T32_INTC_IRQHandler           
00000811  TA0_0_IRQHandler              
00000811  TA0_N_IRQHandler              
00000811  TA1_0_IRQHandler              
00000811  TA1_N_IRQHandler              
00000811  TA2_0_IRQHandler              
00000811  TA2_N_IRQHandler              
00000811  TA3_0_IRQHandler              
00000811  TA3_N_IRQHandler              
00000811  UsageFault_Handler            
00000811  WDT_A_IRQHandler              
00000813  _system_pre_init              
00000817  C$$EXIT                       
00000817  abort                         
00000820  __TI_Handler_Table_Base       
0000082c  __TI_Handler_Table_Limit      
00000840  __TI_CINIT_Base               
00000850  __TI_CINIT_Limit              
20000000  irct                          
20000020  background                    
20000024  SystemCoreClock               
2000fe00  __stack                       
20010000  __STACK_END                   
4000480c  WDTCTL_SYM                    
ffffffff  __TI_pprof_out_hndl           
ffffffff  __TI_prof_data_size           
ffffffff  __TI_prof_data_start          
ffffffff  __binit__                     
ffffffff  __c_args__                    
ffffffff  binit                         
UNDEFED   __mpu_init                    
UNDEFED   _system_post_cinit            

[88 symbols]
