******************************************************************************
                  TI ARM Linker PC v18.1.3                     
******************************************************************************
>> Linked Tue Oct 16 08:54:18 2018

OUTPUT FILE NAME:   <ecen2440_project1_0.out>
ENTRY POINT SYMBOL: "_c_int00_noargs"  address: 000029b5


MEMORY CONFIGURATION

         name            origin    length      used     unused   attr    fill
----------------------  --------  ---------  --------  --------  ----  --------
  MAIN                  00000000   00040000  00002e61  0003d19f  R  X
  INFO                  00200000   00004000  00000000  00004000  R  X
  SRAM_CODE             01000000   00010000  000009d8  0000f628  RW X
  SRAM_DATA             20000000   00010000  000009d8  0000f628  RW  


SEGMENT ALLOCATION MAP

run origin  load origin   length   init length attrs members
----------  ----------- ---------- ----------- ----- -------
00000000    00000000    00002e68   00002e68    r-x
  00000000    00000000    000000e4   000000e4    r-- .intvecs
  000000e4    000000e4    00002be4   00002be4    r-x .text
  00002cc8    00002cc8    00000101   00000101    r-- .const
  00002dd0    00002dd0    00000098   00000098    r-- .cinit
20000000    20000000    000007d8   00000000    rw-
  20000000    20000000    00000400   00000000    rw- .sysmem
  20000400    20000400    000001f0   00000000    rw- .data
  200005f0    200005f0    000001e8   00000000    rw- .bss
2000fe00    2000fe00    00000200   00000000    rw-
  2000fe00    2000fe00    00000200   00000000    rw- .stack


SECTION ALLOCATION MAP

 output                                  attributes/
section   page    origin      length       input sections
--------  ----  ----------  ----------   ----------------
.intvecs   0    00000000    000000e4     
                  00000000    000000e4     startup_msp432p401r_ccs.obj (.intvecs:retain)

.text      0    000000e4    00002be4     
                  000000e4    00000a5e     rtsv7M4_T_le_v4SPD16_eabi.lib : _printfi.c.obj (.text:__TI_printfi)
                  00000b42    00000002                                   : _lock.c.obj (.text:_nop)
                  00000b44    00000270                                   : _printfi.c.obj (.text:_pconv_a)
                  00000db4    000001e0     system_msp432p401r.obj (.text)
                  00000f94    000001d0     rtsv7M4_T_le_v4SPD16_eabi.lib : _printfi.c.obj (.text:_pconv_g)
                  00001164    000001b6                                   : fd_add_t2.asm.obj (.text)
                  0000131a    00000002                                   : div0.asm.obj (.text)
                  0000131c    0000013c                                   : _printfi.c.obj (.text:_pconv_e)
                  00001458    00000136                                   : fd_div_t2.asm.obj (.text)
                  0000158e    00000002     --HOLE-- [fill = 0]
                  00001590    00000120                                   : _printfi.c.obj (.text:fcvt)
                  000016b0    00000114                                   : fputs.c.obj (.text:fputs)
                  000017c4    00000110                                   : s_scalbn.c.obj (.text:scalbn)
                  000018d4    000000fc                                   : fd_mul_t2.asm.obj (.text)
                  000019d0    000000dc                                   : setvbuf.c.obj (.text:setvbuf)
                  00001aac    000000d8                                   : memory.c.obj (.text:free)
                  00001b84    000000bc     main.obj (.text)
                  00001c40    000000b1     rtsv7M4_T_le_v4SPD16_eabi.lib : _printfi.c.obj (.text:_ltostr)
                  00001cf1    00000001     --HOLE-- [fill = 0]
                  00001cf2    0000009c                                   : memcpy_t2.asm.obj (.text)
                  00001d8e    00000096                                   : ull_div_t2.asm.obj (.text)
                  00001e24    0000008c                                   : fputc.c.obj (.text:fputc)
                  00001eb0    00000086                                   : fd_cmp_t2.asm.obj (.text:__aeabi_cdcmple)
                  00001f36    00000086                                   : fd_cmp_t2.asm.obj (.text:__aeabi_cdrcmple)
                  00001fbc    0000007a                                   : memset_t2.asm.obj (.text)
                  00002036    00000002     --HOLE-- [fill = 0]
                  00002038    00000078                                   : memory.c.obj (.text:malloc)
                  000020b0    00000074                                   : fclose.c.obj (.text:__TI_closefile)
                  00002124    0000006e                                   : _printfi.c.obj (.text:_mcpy)
                  00002192    00000002     --HOLE-- [fill = 0]
                  00002194    00000068                                   : hostlseek.c.obj (.text:HOSTlseek)
                  000021fc    00000068                                   : hostrename.c.obj (.text:HOSTrename)
                  00002264    00000068                                   : copy_decompress_lzss.c.obj (.text:decompress:lzss:__TI_decompress_lzss)
                  000022cc    00000068                                   : printf.c.obj (.text:printf)
                  00002334    00000064                                   : s_frexp.c.obj (.text:frexp)
                  00002398    00000064                                   : fseek.c.obj (.text:fseek)
                  000023fc    00000062                                   : _io_perm.c.obj (.text:__TI_wrt_ok)
                  0000245e    00000002     --HOLE-- [fill = 0]
                  00002460    00000060                                   : hostopen.c.obj (.text:HOSTopen)
                  000024c0    0000005c                                   : close.c.obj (.text:close)
                  0000251c    00000058                                   : hostread.c.obj (.text:HOSTread)
                  00002574    00000058                                   : hostwrite.c.obj (.text:HOSTwrite)
                  000025cc    00000056                                   : _printfi.c.obj (.text:_pconv_f)
                  00002622    00000054                                   : ltoa.c.obj (.text:ltoa)
                  00002676    00000052                                   : _printfi.c.obj (.text:_ecpy)
                  000026c8    0000004c                                   : fflush.c.obj (.text:__TI_doflush)
                  00002714    0000004c                                   : atoi.c.obj (.text:atoi)
                  00002760    00000048                                   : exit.c.obj (.text:exit)
                  000027a8    00000048                                   : fd_toi_t2.asm.obj (.text)
                  000027f0    00000044                                   : hostclose.c.obj (.text:HOSTclose)
                  00002834    00000044                                   : hostunlink.c.obj (.text:HOSTunlink)
                  00002878    00000044                                   : autoinit.c.obj (.text:__TI_auto_init_nobinit_nopinit:__TI_auto_init_nobinit_nopinit)
                  000028bc    00000044                                   : getdevice.c.obj (.text:getdevice)
                  00002900    0000003e                                   : _printfi.c.obj (.text:_fcpy)
                  0000293e    00000002     --HOLE-- [fill = 0]
                  00002940    0000003c                                   : memory.c.obj (.text:minsert)
                  0000297c    00000038                                   : trgmsg.c.obj (.text:__TI_writemsg)
                  000029b4    00000038                                   : boot_cortex_m.c.obj (.text:_c_int00_noargs:_c_int00_noargs)
                  000029ec    00000038                                   : memory.c.obj (.text:minit)
                  00002a24    00000036                                   : strncpy.c.obj (.text:strncpy)
                  00002a5a    00000002     --HOLE-- [fill = 0]
                  00002a5c    00000034                                   : fopen.c.obj (.text:__TI_cleanup)
                  00002a90    00000034                                   : trgmsg.c.obj (.text:__TI_readmsg)
                  00002ac4    00000030                                   : getdevice.c.obj (.text:finddevice)
                  00002af4    0000002e                                   : i_tofd_t2.asm.obj (.text)
                  00002b22    00000002     --HOLE-- [fill = 0]
                  00002b24    0000002c                                   : unlink.c.obj (.text:unlink)
                  00002b50    00000028                                   : lseek.c.obj (.text:lseek)
                  00002b78    00000028                                   : memory.c.obj (.text:mremove)
                  00002ba0    00000028                                   : write.c.obj (.text:write)
                  00002bc8    00000020                                   : memchr.c.obj (.text:memchr)
                  00002be8    0000001c                                   : memccpy.c.obj (.text:memccpy)
                  00002c04    00000018                                   : strcmp.c.obj (.text:strcmp)
                  00002c1c    00000016                                   : strchr.c.obj (.text:strchr)
                  00002c32    00000014                                   : s_copysign.c.obj (.text:copysign)
                  00002c46    00000014                                   : strcpy.c.obj (.text:strcpy)
                  00002c5a    00000014                                   : strlen.c.obj (.text:strlen)
                  00002c6e    00000012                                   : copy_zero_init.c.obj (.text:decompress:ZI:__TI_zero_init_nomemset:__TI_zero_init_nomemset)
                  00002c80    00000012                                   : wcslen.c.obj (.text:wcslen)
                  00002c92    0000000e                                   : copy_decompress_none.c.obj (.text:decompress:none:__TI_decompress_none)
                  00002ca0    0000000e     startup_msp432p401r_ccs.obj (.text)
                  00002cae    00000002     --HOLE-- [fill = 0]
                  00002cb0    00000008     rtsv7M4_T_le_v4SPD16_eabi.lib : errno.c.obj (.text:__aeabi_errno_addr)
                  00002cb8    00000004                                   : printf.c.obj (.text:_outc)
                  00002cbc    00000004                                   : printf.c.obj (.text:_outs)
                  00002cc0    00000004                                   : pre_init.c.obj (.text:_system_pre_init)
                  00002cc4    00000004                                   : exit.c.obj (.text:abort:abort)

.const     0    00002cc8    00000101     
                  00002cc8    00000101     rtsv7M4_T_le_v4SPD16_eabi.lib : ctype.c.obj (.const:.string:_ctypes_)

.cinit     0    00002dd0    00000098     
                  00002dd0    00000072     (.cinit..data.load) [load image, compression = lzss]
                  00002e42    00000002     --HOLE-- [fill = 0]
                  00002e44    0000000c     (__TI_handler_table)
                  00002e50    00000008     (.cinit..bss.load) [load image, compression = zero_init]
                  00002e58    00000010     (__TI_cinit_table)

.init_array 
*          0    00000000    00000000     UNINITIALIZED

.binit     0    00000000    00000000     

.sysmem    0    20000000    00000400     UNINITIALIZED
                  20000000    00000008     rtsv7M4_T_le_v4SPD16_eabi.lib : memory.c.obj (.sysmem)
                  20000008    000003f8     --HOLE--

.data      0    20000400    000001f0     UNINITIALIZED
                  20000400    000000f0     rtsv7M4_T_le_v4SPD16_eabi.lib : defs.c.obj (.data:_ftable)
                  200004f0    00000078                                   : write.c.obj (.data:_device)
                  20000568    00000050                                   : write.c.obj (.data:_stream)
                  200005b8    00000010                                   : defs.c.obj (.data)
                  200005c8    0000000c                                   : exit.c.obj (.data:$O1$$)
                  200005d4    0000000c                                   : memory.c.obj (.data:$O1$$)
                  200005e0    00000008                                   : _lock.c.obj (.data:$O1$$)
                  200005e8    00000004                                   : errno.c.obj (.data)
                  200005ec    00000004     system_msp432p401r.obj (.data)

.bss       0    200005f0    000001e8     UNINITIALIZED
                  200005f0    00000120     rtsv7M4_T_le_v4SPD16_eabi.lib : trgmsg.c.obj (.bss:_CIOBUF_)
                  20000710    000000a0     (.common:__TI_tmpnams)
                  200007b0    00000020     (.common:irct)
                  200007d0    00000008     (.common:parmbuf)

.stack     0    2000fe00    00000200     UNINITIALIZED
                  2000fe00    00000004     rtsv7M4_T_le_v4SPD16_eabi.lib : boot_cortex_m.c.obj (.stack)
                  2000fe04    000001fc     --HOLE--

MODULE SUMMARY

       Module                        code    ro data   rw data
       ------                        ----    -------   -------
    .\
       system_msp432p401r.obj        480     0         8      
       main.obj                      188     0         64     
       startup_msp432p401r_ccs.obj   14      228       0      
    +--+-----------------------------+-------+---------+---------+
       Total:                        682     228       72     
                                                              
    D:\Programs\ti\ccsv8\tools\compiler\ti-cgt-arm_18.1.3.LTS\lib\rtsv7M4_T_le_v4SPD16_eabi.lib
       _printfi.c.obj                4863    0         0      
       defs.c.obj                    0       0         832    
       trgmsg.c.obj                  108     0         576    
       memory.c.obj                  492     0         24     
       write.c.obj                   40      0         400    
       fd_add_t2.asm.obj             438     0         0      
       fd_div_t2.asm.obj             310     0         0      
       fputs.c.obj                   276     0         0      
       s_scalbn.c.obj                272     0         0      
       fd_cmp_t2.asm.obj             268     0         0      
       ctype.c.obj                   0       257       0      
       fd_mul_t2.asm.obj             252     0         0      
       setvbuf.c.obj                 220     0         0      
       memcpy_t2.asm.obj             156     0         0      
       ull_div_t2.asm.obj            150     0         0      
       fputc.c.obj                   140     0         0      
       memset_t2.asm.obj             122     0         0      
       fclose.c.obj                  116     0         0      
       getdevice.c.obj               116     0         0      
       hostopen.c.obj                96      0         16     
       printf.c.obj                  112     0         0      
       copy_decompress_lzss.c.obj    104     0         0      
       hostlseek.c.obj               104     0         0      
       hostrename.c.obj              104     0         0      
       exit.c.obj                    76      0         24     
       fseek.c.obj                   100     0         0      
       s_frexp.c.obj                 100     0         0      
       _io_perm.c.obj                98      0         0      
       close.c.obj                   92      0         0      
       hostread.c.obj                88      0         0      
       hostwrite.c.obj               88      0         0      
       ltoa.c.obj                    84      0         0      
       atoi.c.obj                    76      0         0      
       fflush.c.obj                  76      0         0      
       fd_toi_t2.asm.obj             72      0         0      
       autoinit.c.obj                68      0         0      
       hostclose.c.obj               68      0         0      
       hostunlink.c.obj              68      0         0      
       boot_cortex_m.c.obj           56      0         0      
       strncpy.c.obj                 54      0         0      
       fopen.c.obj                   52      0         0      
       i_tofd_t2.asm.obj             46      0         0      
       unlink.c.obj                  44      0         0      
       lseek.c.obj                   40      0         0      
       memchr.c.obj                  32      0         0      
       memccpy.c.obj                 28      0         0      
       strcmp.c.obj                  24      0         0      
       strchr.c.obj                  22      0         0      
       s_copysign.c.obj              20      0         0      
       strcpy.c.obj                  20      0         0      
       strlen.c.obj                  20      0         0      
       _lock.c.obj                   2       0         16     
       copy_zero_init.c.obj          18      0         0      
       wcslen.c.obj                  18      0         0      
       errno.c.obj                   8       0         8      
       copy_decompress_none.c.obj    14      0         0      
       pre_init.c.obj                4       0         0      
       div0.asm.obj                  2       0         0      
    +--+-----------------------------+-------+---------+---------+
       Total:                        10537   257       1896   
                                                              
       Heap:                         0       0         2048   
       Stack:                        0       0         1024   
       Linker Generated:             0       150       0      
    +--+-----------------------------+-------+---------+---------+
       Grand Total:                  11219   635       5040   


LINKER GENERATED COPY TABLES

__TI_cinit_table @ 00002e58 records: 2, size/record: 8, table size: 16
	.data: load addr=00002dd0, load size=00000072 bytes, run addr=20000400, run size=000001f0 bytes, compression=lzss
	.bss: load addr=00002e50, load size=00000008 bytes, run addr=200005f0, run size=000001e8 bytes, compression=zero_init


LINKER GENERATED HANDLER TABLE

__TI_handler_table @ 00002e44 records: 3, size/record: 4, table size: 12
	index: 0, handler: __TI_decompress_lzss
	index: 1, handler: __TI_decompress_none
	index: 2, handler: __TI_zero_init


GLOBAL SYMBOLS: SORTED ALPHABETICALLY BY Name 

address   name                           
-------   ----                           
00002cad  ADC14_IRQHandler               
00002cad  AES256_IRQHandler              
00002cad  BusFault_Handler               
00002cc5  C$$EXIT                        
000029ab  C$$IO$$                        
00002cad  COMP_E0_IRQHandler             
00002cad  COMP_E1_IRQHandler             
00002cad  CS_IRQHandler                  
00002cad  DMA_ERR_IRQHandler             
00002cad  DMA_INT0_IRQHandler            
00002cad  DMA_INT1_IRQHandler            
00002cad  DMA_INT2_IRQHandler            
00002cad  DMA_INT3_IRQHandler            
00002cad  DebugMon_Handler               
00002cad  Default_Handler                
00002cad  EUSCIA0_IRQHandler             
00002cad  EUSCIA1_IRQHandler             
00002cad  EUSCIA2_IRQHandler             
00002cad  EUSCIA3_IRQHandler             
00002cad  EUSCIB0_IRQHandler             
00002cad  EUSCIB1_IRQHandler             
00002cad  EUSCIB2_IRQHandler             
00002cad  EUSCIB3_IRQHandler             
00002cad  FLCTL_IRQHandler               
00002cad  FPU_IRQHandler                 
000027f1  HOSTclose                      
00002195  HOSTlseek                      
00002461  HOSTopen                       
0000251d  HOSTread                       
000021fd  HOSTrename                     
00002835  HOSTunlink                     
00002575  HOSTwrite                      
00002cad  HardFault_Handler              
00002cad  MemManage_Handler              
00002cad  NMI_Handler                    
00002cad  PCM_IRQHandler                 
00002cad  PORT1_IRQHandler               
00002cad  PORT2_IRQHandler               
00002cad  PORT3_IRQHandler               
00002cad  PORT4_IRQHandler               
00002cad  PORT5_IRQHandler               
00002cad  PORT6_IRQHandler               
00002cad  PSS_IRQHandler                 
00002cad  PendSV_Handler                 
00002cad  RTC_C_IRQHandler               
00002ca1  Reset_Handler                  
00002cad  SVC_Handler                    
00002cad  SysTick_Handler                
200005ec  SystemCoreClock                
00000e0b  SystemCoreClockUpdate          
00000db5  SystemInit                     
00002cad  T32_INT1_IRQHandler            
00002cad  T32_INT2_IRQHandler            
00002cad  T32_INTC_IRQHandler            
00002cad  TA0_0_IRQHandler               
00002cad  TA0_N_IRQHandler               
00002cad  TA1_0_IRQHandler               
00002cad  TA1_N_IRQHandler               
00002cad  TA2_0_IRQHandler               
00002cad  TA2_N_IRQHandler               
00002cad  TA3_0_IRQHandler               
00002cad  TA3_N_IRQHandler               
00002cad  UsageFault_Handler             
4000480c  WDTCTL_SYM                     
00002cad  WDT_A_IRQHandler               
200005f0  __CIOBUF_                      
20010000  __STACK_END                    
00000200  __STACK_SIZE                   
00000400  __SYSMEM_SIZE                  
00002e58  __TI_CINIT_Base                
00002e68  __TI_CINIT_Limit               
00002e44  __TI_Handler_Table_Base        
00002e50  __TI_Handler_Table_Limit       
00002879  __TI_auto_init_nobinit_nopinit 
00002a5d  __TI_cleanup                   
200005c8  __TI_cleanup_ptr               
000020b1  __TI_closefile                 
00002265  __TI_decompress_lzss           
00002c93  __TI_decompress_none           
000026c9  __TI_doflush                   
200005cc  __TI_dtors_ptr                 
200005d0  __TI_enable_exit_profile_output
200005b8  __TI_ft_end                    
ffffffff  __TI_pprof_out_hndl            
000000e5  __TI_printfi                   
ffffffff  __TI_prof_data_size            
ffffffff  __TI_prof_data_start           
00002a91  __TI_readmsg                   
00000000  __TI_static_base__             
20000710  __TI_tmpnams                   
0000297d  __TI_writemsg                  
000023fd  __TI_wrt_ok                    
00002c6f  __TI_zero_init_nomemset        
00001eb1  __aeabi_cdcmpeq                
00001eb1  __aeabi_cdcmple                
00001f37  __aeabi_cdrcmple               
000027a9  __aeabi_d2iz                   
0000116f  __aeabi_dadd                   
00001459  __aeabi_ddiv                   
000018d5  __aeabi_dmul                   
00001165  __aeabi_dsub                   
00002cb1  __aeabi_errno_addr             
00002af5  __aeabi_i2d                    
0000131b  __aeabi_idiv0                  
0000131b  __aeabi_ldiv0                  
00001fbd  __aeabi_memclr                 
00001fbd  __aeabi_memclr4                
00001fbd  __aeabi_memclr8                
00001cf3  __aeabi_memcpy                 
00001cf3  __aeabi_memcpy4                
00001cf3  __aeabi_memcpy8                
00001fbf  __aeabi_memset                 
00001fbf  __aeabi_memset4                
00001fbf  __aeabi_memset8                
200005c4  __aeabi_stderr                 
200005bc  __aeabi_stdin                  
200005c0  __aeabi_stdout                 
00001d8f  __aeabi_uldivmod               
ffffffff  __binit__                      
ffffffff  __c_args__                     
UNDEFED   __mpu_init                     
2000fe00  __stack                        
000029b5  _c_int00_noargs                
00002cc8  _ctypes_                       
200004f0  _device                        
20000400  _ftable                        
200005e0  _lock                          
00000b43  _nop                           
20000568  _stream                        
20000000  _sys_memory                    
UNDEFED   _system_post_cinit             
00002cc1  _system_pre_init               
200005e4  _unlock                        
00002cc5  abort                          
00002715  atoi                           
ffffffff  binit                          
000024c1  close                          
00002c33  copysign                       
00002c33  copysignl                      
200005e8  errno                          
00002761  exit                           
00002ac5  finddevice                     
00001e25  fputc                          
000016b1  fputs                          
00001aad  free                           
00002335  frexp                          
00002335  frexpl                         
00002399  fseek                          
000028bd  getdevice                      
00000000  interruptVectors               
200007b0  irct                           
000017c5  ldexp                          
000017c5  ldexpl                         
00002b51  lseek                          
00002623  ltoa                           
00001b85  main                           
00002039  malloc                         
00002be9  memccpy                        
00002bc9  memchr                         
00001cf3  memcpy                         
00001fc5  memset                         
000029ed  minit                          
200007d0  parmbuf                        
000022cd  printf                         
00001e25  putc                           
00002b25  remove                         
000017c5  scalbn                         
000017c5  scalbnl                        
000019d1  setvbuf                        
00002c1d  strchr                         
00002c05  strcmp                         
00002c47  strcpy                         
00002c5b  strlen                         
00002a25  strncpy                        
00002b25  unlink                         
00002c81  wcslen                         
00002ba1  write                          


GLOBAL SYMBOLS: SORTED BY Symbol Address 

address   name                           
-------   ----                           
00000000  __TI_static_base__             
00000000  interruptVectors               
000000e5  __TI_printfi                   
00000200  __STACK_SIZE                   
00000400  __SYSMEM_SIZE                  
00000b43  _nop                           
00000db5  SystemInit                     
00000e0b  SystemCoreClockUpdate          
00001165  __aeabi_dsub                   
0000116f  __aeabi_dadd                   
0000131b  __aeabi_idiv0                  
0000131b  __aeabi_ldiv0                  
00001459  __aeabi_ddiv                   
000016b1  fputs                          
000017c5  ldexp                          
000017c5  ldexpl                         
000017c5  scalbn                         
000017c5  scalbnl                        
000018d5  __aeabi_dmul                   
000019d1  setvbuf                        
00001aad  free                           
00001b85  main                           
00001cf3  __aeabi_memcpy                 
00001cf3  __aeabi_memcpy4                
00001cf3  __aeabi_memcpy8                
00001cf3  memcpy                         
00001d8f  __aeabi_uldivmod               
00001e25  fputc                          
00001e25  putc                           
00001eb1  __aeabi_cdcmpeq                
00001eb1  __aeabi_cdcmple                
00001f37  __aeabi_cdrcmple               
00001fbd  __aeabi_memclr                 
00001fbd  __aeabi_memclr4                
00001fbd  __aeabi_memclr8                
00001fbf  __aeabi_memset                 
00001fbf  __aeabi_memset4                
00001fbf  __aeabi_memset8                
00001fc5  memset                         
00002039  malloc                         
000020b1  __TI_closefile                 
00002195  HOSTlseek                      
000021fd  HOSTrename                     
00002265  __TI_decompress_lzss           
000022cd  printf                         
00002335  frexp                          
00002335  frexpl                         
00002399  fseek                          
000023fd  __TI_wrt_ok                    
00002461  HOSTopen                       
000024c1  close                          
0000251d  HOSTread                       
00002575  HOSTwrite                      
00002623  ltoa                           
000026c9  __TI_doflush                   
00002715  atoi                           
00002761  exit                           
000027a9  __aeabi_d2iz                   
000027f1  HOSTclose                      
00002835  HOSTunlink                     
00002879  __TI_auto_init_nobinit_nopinit 
000028bd  getdevice                      
0000297d  __TI_writemsg                  
000029ab  C$$IO$$                        
000029b5  _c_int00_noargs                
000029ed  minit                          
00002a25  strncpy                        
00002a5d  __TI_cleanup                   
00002a91  __TI_readmsg                   
00002ac5  finddevice                     
00002af5  __aeabi_i2d                    
00002b25  remove                         
00002b25  unlink                         
00002b51  lseek                          
00002ba1  write                          
00002bc9  memchr                         
00002be9  memccpy                        
00002c05  strcmp                         
00002c1d  strchr                         
00002c33  copysign                       
00002c33  copysignl                      
00002c47  strcpy                         
00002c5b  strlen                         
00002c6f  __TI_zero_init_nomemset        
00002c81  wcslen                         
00002c93  __TI_decompress_none           
00002ca1  Reset_Handler                  
00002cad  ADC14_IRQHandler               
00002cad  AES256_IRQHandler              
00002cad  BusFault_Handler               
00002cad  COMP_E0_IRQHandler             
00002cad  COMP_E1_IRQHandler             
00002cad  CS_IRQHandler                  
00002cad  DMA_ERR_IRQHandler             
00002cad  DMA_INT0_IRQHandler            
00002cad  DMA_INT1_IRQHandler            
00002cad  DMA_INT2_IRQHandler            
00002cad  DMA_INT3_IRQHandler            
00002cad  DebugMon_Handler               
00002cad  Default_Handler                
00002cad  EUSCIA0_IRQHandler             
00002cad  EUSCIA1_IRQHandler             
00002cad  EUSCIA2_IRQHandler             
00002cad  EUSCIA3_IRQHandler             
00002cad  EUSCIB0_IRQHandler             
00002cad  EUSCIB1_IRQHandler             
00002cad  EUSCIB2_IRQHandler             
00002cad  EUSCIB3_IRQHandler             
00002cad  FLCTL_IRQHandler               
00002cad  FPU_IRQHandler                 
00002cad  HardFault_Handler              
00002cad  MemManage_Handler              
00002cad  NMI_Handler                    
00002cad  PCM_IRQHandler                 
00002cad  PORT1_IRQHandler               
00002cad  PORT2_IRQHandler               
00002cad  PORT3_IRQHandler               
00002cad  PORT4_IRQHandler               
00002cad  PORT5_IRQHandler               
00002cad  PORT6_IRQHandler               
00002cad  PSS_IRQHandler                 
00002cad  PendSV_Handler                 
00002cad  RTC_C_IRQHandler               
00002cad  SVC_Handler                    
00002cad  SysTick_Handler                
00002cad  T32_INT1_IRQHandler            
00002cad  T32_INT2_IRQHandler            
00002cad  T32_INTC_IRQHandler            
00002cad  TA0_0_IRQHandler               
00002cad  TA0_N_IRQHandler               
00002cad  TA1_0_IRQHandler               
00002cad  TA1_N_IRQHandler               
00002cad  TA2_0_IRQHandler               
00002cad  TA2_N_IRQHandler               
00002cad  TA3_0_IRQHandler               
00002cad  TA3_N_IRQHandler               
00002cad  UsageFault_Handler             
00002cad  WDT_A_IRQHandler               
00002cb1  __aeabi_errno_addr             
00002cc1  _system_pre_init               
00002cc5  C$$EXIT                        
00002cc5  abort                          
00002cc8  _ctypes_                       
00002e44  __TI_Handler_Table_Base        
00002e50  __TI_Handler_Table_Limit       
00002e58  __TI_CINIT_Base                
00002e68  __TI_CINIT_Limit               
20000000  _sys_memory                    
20000400  _ftable                        
200004f0  _device                        
20000568  _stream                        
200005b8  __TI_ft_end                    
200005bc  __aeabi_stdin                  
200005c0  __aeabi_stdout                 
200005c4  __aeabi_stderr                 
200005c8  __TI_cleanup_ptr               
200005cc  __TI_dtors_ptr                 
200005d0  __TI_enable_exit_profile_output
200005e0  _lock                          
200005e4  _unlock                        
200005e8  errno                          
200005ec  SystemCoreClock                
200005f0  __CIOBUF_                      
20000710  __TI_tmpnams                   
200007b0  irct                           
200007d0  parmbuf                        
2000fe00  __stack                        
20010000  __STACK_END                    
4000480c  WDTCTL_SYM                     
ffffffff  __TI_pprof_out_hndl            
ffffffff  __TI_prof_data_size            
ffffffff  __TI_prof_data_start           
ffffffff  __binit__                      
ffffffff  __c_args__                     
ffffffff  binit                          
UNDEFED   __mpu_init                     
UNDEFED   _system_post_cinit             

[177 symbols]
